Log file open, 09/23/24 09:45:18
LogWindows: Failed to load 'aqProf.dll' (GetLastError=126)
LogWindows: File 'aqProf.dll' does not exist
LogWindows: Failed to load 'VtuneApi.dll' (GetLastError=126)
LogWindows: File 'VtuneApi.dll' does not exist
LogWindows: Failed to load 'VtuneApi32e.dll' (GetLastError=126)
LogWindows: File 'VtuneApi32e.dll' does not exist
LogConsoleResponse: Display: Failed to find resolution value strings in scalability ini. Falling back to default.
LogConsoleResponse: Display: Failed to find resolution value strings in scalability ini. Falling back to default.
LogInit: Display: Running engine for game: Puzzle_Gen2
LogPlatformFile: Not using cached read wrapper
LogTaskGraph: Started task graph with 5 named threads and 47 total threads with 3 sets of task threads.
LogStats: Stats thread started at 0.179116
LogICUInternationalization: ICU TimeZone Detection - Raw Offset: +3:00, Platform Override: ''
LogInit: Display: Loading text-based GConfig....
LogPluginManager: Mounting plugin MeshPainting
LogPluginManager: Mounting plugin XGEController
LogPluginManager: Mounting plugin Paper2D
LogPluginManager: Mounting plugin LiveLink
LogPluginManager: Mounting plugin EnvironmentQueryEditor
LogPluginManager: Mounting plugin AISupport
LogPluginManager: Mounting plugin LightPropagationVolume
LogPluginManager: Mounting plugin CameraShakePreviewer
LogPluginManager: Mounting plugin GameplayCameras
LogPluginManager: Mounting plugin AnimationSharing
LogPluginManager: Mounting plugin CLionSourceCodeAccess
LogPluginManager: Mounting plugin KDevelopSourceCodeAccess
LogPluginManager: Mounting plugin NullSourceCodeAccess
LogPluginManager: Mounting plugin CodeLiteSourceCodeAccess
LogPluginManager: Mounting plugin PerforceSourceControl
LogPluginManager: Mounting plugin PixWinPlugin
LogPluginManager: Mounting plugin PlasticSourceControl
LogPluginManager: Mounting plugin PluginUtils
LogPluginManager: Mounting plugin RiderSourceCodeAccess
LogPluginManager: Mounting plugin SubversionSourceControl
LogPluginManager: Mounting plugin PropertyAccessNode
LogPluginManager: Mounting plugin TextureFormatOodle
LogPluginManager: Mounting plugin UObjectPlugin
LogPluginManager: Mounting plugin VisualStudioCodeSourceCodeAccess
LogPluginManager: Mounting plugin VisualStudioSourceCodeAccess
LogPluginManager: Mounting plugin OodleData
LogPluginManager: Mounting plugin OodleNetwork
LogPluginManager: Mounting plugin XCodeSourceCodeAccess
LogPluginManager: Mounting plugin DatasmithContent
LogPluginManager: Mounting plugin AssetManagerEditor
LogPluginManager: Mounting plugin CryptoKeys
LogPluginManager: Mounting plugin CurveEditorTools
LogPluginManager: Mounting plugin DataValidation
LogPluginManager: Mounting plugin GitSourceControl
LogPluginManager: Mounting plugin FacialAnimation
LogPluginManager: Mounting plugin VariantManagerContent
LogPluginManager: Mounting plugin MacGraphicsSwitching
LogPluginManager: Mounting plugin MaterialAnalyzer
LogPluginManager: Mounting plugin GeometryMode
LogPluginManager: Mounting plugin GameplayTagsEditor
LogPluginManager: Mounting plugin MobileLauncherProfileWizard
LogPluginManager: Mounting plugin PluginBrowser
LogPluginManager: Mounting plugin SpeedTreeImporter
LogPluginManager: Mounting plugin AutomationUtils
LogPluginManager: Mounting plugin BackChannel
LogPluginManager: Mounting plugin ChaosClothEditor
LogPluginManager: Mounting plugin AlembicImporter
LogPluginManager: Mounting plugin ChaosCloth
LogPluginManager: Mounting plugin ChaosEditor
LogPluginManager: Mounting plugin ChaosNiagara
LogPluginManager: Mounting plugin ChaosSolverPlugin
LogPluginManager: Mounting plugin CharacterAI
LogPluginManager: Mounting plugin Niagara
LogPluginManager: Mounting plugin AndroidMedia
LogPluginManager: Mounting plugin AvfMedia
LogPluginManager: Mounting plugin ImgMedia
LogPluginManager: Mounting plugin MediaCompositing
LogPluginManager: Mounting plugin MediaPlayerEditor
LogPluginManager: Mounting plugin TcpMessaging
LogPluginManager: Mounting plugin WebMMedia
LogPluginManager: Mounting plugin UdpMessaging
LogPluginManager: Mounting plugin WmfMedia
LogPluginManager: Mounting plugin ActorSequence
LogPluginManager: Mounting plugin LevelSequenceEditor
LogPluginManager: Mounting plugin MatineeToLevelSequence
LogPluginManager: Mounting plugin TemplateSequence
LogPluginManager: Mounting plugin LauncherChunkInstaller
LogPluginManager: Mounting plugin AndroidDeviceProfileSelector
LogPluginManager: Mounting plugin ActorLayerUtilities
LogPluginManager: Mounting plugin AndroidPermission
LogPluginManager: Mounting plugin AndroidMoviePlayer
LogPluginManager: Mounting plugin AppleImageUtils
LogPluginManager: Mounting plugin AppleMoviePlayer
LogPluginManager: Mounting plugin AssetTags
LogPluginManager: Mounting plugin ArchVisCharacter
LogPluginManager: Mounting plugin AudioSynesthesia
LogPluginManager: Mounting plugin CableComponent
LogPluginManager: Mounting plugin ChunkDownloader
LogPluginManager: Mounting plugin AudioCapture
LogPluginManager: Mounting plugin CustomMeshComponent
LogPluginManager: Mounting plugin EditableMesh
LogPluginManager: Mounting plugin GoogleCloudMessaging
LogPluginManager: Mounting plugin GooglePAD
LogPluginManager: Mounting plugin ExampleDeviceProfileSelector
LogPluginManager: Mounting plugin LinuxDeviceProfileSelector
LogPluginManager: Mounting plugin IOSDeviceProfileSelector
LogPluginManager: Mounting plugin LocationServicesBPLibrary
LogPluginManager: Mounting plugin MobilePatchingUtils
LogPluginManager: Mounting plugin OpenXREyeTracker
LogPluginManager: Mounting plugin OpenXR
LogPluginManager: Mounting plugin OpenXRHandTracking
LogPluginManager: Mounting plugin PostSplashScreen
LogPluginManager: Mounting plugin PhysXVehicles
LogPluginManager: Mounting plugin ProceduralMeshComponent
LogPluginManager: Mounting plugin PropertyAccessEditor
LogPluginManager: Mounting plugin RuntimePhysXCooking
LogPluginManager: Mounting plugin SignificanceManager
LogPluginManager: Mounting plugin SoundFields
LogPluginManager: Mounting plugin Synthesis
LogPluginManager: Mounting plugin WebMMoviePlayer
LogPluginManager: Mounting plugin WindowsMoviePlayer
LogPluginManager: Mounting plugin OnlineSubsystem
LogPluginManager: Mounting plugin OnlineSubsystemNull
LogPluginManager: Mounting plugin OnlineSubsystemUtils
LogPluginManager: Mounting plugin ScreenshotTools
LogPluginManager: Mounting plugin Takes
LogPluginManager: Mounting plugin GeometryCollectionPlugin
LogPluginManager: Mounting plugin LuminPlatformFeatures
LogPluginManager: Mounting plugin GeometryProcessing
LogPluginManager: Mounting plugin GeometryCache
LogPluginManager: Mounting plugin MagicLeap
LogPluginManager: Mounting plugin MagicLeapMedia
LogPluginManager: Mounting plugin MagicLeapPassableWorld
LogPluginManager: Mounting plugin MotoSynth
LogPluginManager: Mounting plugin MLSDK
LogPluginManager: Mounting plugin OpenImageDenoise
LogPluginManager: Mounting plugin PlatformCrypto
LogPluginManager: Mounting plugin PlanarCut
LogPluginManager: Mounting plugin PythonScriptPlugin
LogPluginManager: Mounting plugin SkeletalReduction
LogPluginManager: Mounting plugin ProxyLODPlugin
LogPluginManager: Mounting plugin MagicLeapLightEstimation
LogPluginManager: Mounting plugin ContentBrowserFileDataSource
LogPluginManager: Mounting plugin ContentBrowserAssetDataSource
LogPluginManager: Mounting plugin ContentBrowserClassDataSource
LogPluginManager: Mounting plugin OculusVR
LogPluginManager: Mounting plugin SteamVR
LogPluginManager: Mounting plugin OnlineSubsystemGooglePlay
LogPluginManager: Mounting plugin OnlineSubsystemIOS
PixWinPlugin: PIX capture plugin failed to initialize! Check that the process is launched from PIX.
LogInit: Using libcurl 7.55.1-DEV
LogInit:  - built for x86_64-pc-win32
LogInit:  - supports SSL with OpenSSL/1.1.1
LogInit:  - supports HTTP deflate (compression) using libz 1.2.8
LogInit:  - other features:
LogInit:      CURL_VERSION_SSL
LogInit:      CURL_VERSION_LIBZ
LogInit:      CURL_VERSION_IPV6
LogInit:      CURL_VERSION_ASYNCHDNS
LogInit:      CURL_VERSION_LARGEFILE
LogInit:      CURL_VERSION_IDN
LogInit:  CurlRequestOptions (configurable via config and command line):
LogInit:  - bVerifyPeer = true  - Libcurl will verify peer certificate
LogInit:  - bUseHttpProxy = false  - Libcurl will NOT use HTTP proxy
LogInit:  - bDontReuseConnections = false  - Libcurl will reuse connections
LogInit:  - MaxHostConnections = 16  - Libcurl will limit the number of connections to a host
LogInit:  - LocalHostAddr = Default
LogInit:  - BufferSize = 65536
LogOnline: OSS: Creating online subsystem instance for: NULL
LogInit: WinSock: version 1.1 (2.2), MaxSocks=32767, MaxUdp=65467
LogOnline: OSS: TryLoadSubsystemAndSetDefault: Loaded subsystem for module [NULL]
LogOculusPluginWrapper: OculusPlugin initialized successfully
LogHMD: Failed initializing OVRPlugin 1.59.0
LogInit: Build: ++UE4+Release-4.27-CL-18319896
LogInit: Engine Version: 4.27.2-18319896+++UE4+Release-4.27
LogInit: Compatible Engine Version: 4.27.0-17155196+++UE4+Release-4.27
LogInit: Net CL: 17155196
LogInit: OS: Windows 10 (Release 2009) (), CPU: 13th Gen Intel(R) Core(TM) i5-13500H, GPU: Intel(R) Iris(R) Xe Graphics
LogInit: Compiled (64-bit): Nov 30 2021 07:12:08
LogInit: Compiled with Visual C++: 19.24.28315.00
LogInit: Build Configuration: Development
LogInit: Branch Name: ++UE4+Release-4.27
LogInit: Command Line: 
LogInit: Base Directory: C:/BT/Unreal Engine/UE_4.27/Engine/Binaries/Win64/
LogInit: Allocator: TBB
LogInit: Installed Engine Build: 1
LogDevObjectVersion: Number of dev versions registered: 29
LogDevObjectVersion:   Dev-Blueprints (B0D832E4-1F89-4F0D-ACCF-7EB736FD4AA2): 10
LogDevObjectVersion:   Dev-Build (E1C64328-A22C-4D53-A36C-8E866417BD8C): 0
LogDevObjectVersion:   Dev-Core (375EC13C-06E4-48FB-B500-84F0262A717E): 4
LogDevObjectVersion:   Dev-Editor (E4B068ED-F494-42E9-A231-DA0B2E46BB41): 40
LogDevObjectVersion:   Dev-Framework (CFFC743F-43B0-4480-9391-14DF171D2073): 37
LogDevObjectVersion:   Dev-Mobile (B02B49B5-BB20-44E9-A304-32B752E40360): 3
LogDevObjectVersion:   Dev-Networking (A4E4105C-59A1-49B5-A7C5-40C4547EDFEE): 0
LogDevObjectVersion:   Dev-Online (39C831C9-5AE6-47DC-9A44-9C173E1C8E7C): 0
LogDevObjectVersion:   Dev-Physics (78F01B33-EBEA-4F98-B9B4-84EACCB95AA2): 14
LogDevObjectVersion:   Dev-Platform (6631380F-2D4D-43E0-8009-CF276956A95A): 0
LogDevObjectVersion:   Dev-Rendering (12F88B9F-8875-4AFC-A67C-D90C383ABD29): 45
LogDevObjectVersion:   Dev-Sequencer (7B5AE74C-D270-4C10-A958-57980B212A5A): 13
LogDevObjectVersion:   Dev-VR (D7296918-1DD6-4BDD-9DE2-64A83CC13884): 3
LogDevObjectVersion:   Dev-LoadTimes (C2A15278-BFE7-4AFE-6C17-90FF531DF755): 1
LogDevObjectVersion:   Private-Geometry (6EACA3D4-40EC-4CC1-B786-8BED09428FC5): 3
LogDevObjectVersion:   Dev-AnimPhys (29E575DD-E0A3-4627-9D10-D276232CDCEA): 17
LogDevObjectVersion:   Dev-Anim (AF43A65D-7FD3-4947-9873-3E8ED9C1BB05): 15
LogDevObjectVersion:   Dev-ReflectionCapture (6B266CEC-1EC7-4B8F-A30B-E4D90942FC07): 1
LogDevObjectVersion:   Dev-Automation (0DF73D61-A23F-47EA-B727-89E90C41499A): 1
LogDevObjectVersion:   FortniteMain (601D1886-AC64-4F84-AA16-D3DE0DEAC7D6): 47
LogDevObjectVersion:   FortniteRelease (E7086368-6B23-4C58-8439-1B7016265E91): 1
LogDevObjectVersion:   Dev-Enterprise (9DFFBCD6-494F-0158-E221-12823C92A888): 10
LogDevObjectVersion:   Dev-Niagara (F2AED0AC-9AFE-416F-8664-AA7FFA26D6FC): 1
LogDevObjectVersion:   Dev-Destruction (174F1F0B-B4C6-45A5-B13F-2EE8D0FB917D): 10
LogDevObjectVersion:   Dev-Physics-Ext (35F94A83-E258-406C-A318-09F59610247C): 41
LogDevObjectVersion:   Dev-PhysicsMaterial-Chaos (B68FC16E-8B1B-42E2-B453-215C058844FE): 1
LogDevObjectVersion:   Dev-CineCamera (B2E18506-4273-CFC2-A54E-F4BB758BBA07): 1
LogDevObjectVersion:   Dev-VirtualProduction (64F58936-FD1B-42BA-BA96-7289D5D0FA4E): 1
LogDevObjectVersion:   Dev-MediaFramework (6F0ED827-A609-4895-9C91-998D90180EA4): 2
LogInit: Presizing for max 25165824 objects, including 0 objects not considered by GC, pre-allocating 0 bytes for permanent pool.
LogConfig: Applying CVar settings from Section [/Script/Engine.StreamingSettings] File [C:/Users/z3ro_/Documents/Unreal Projects/Puzzle_Gen2/Saved/Config/Windows/Engine.ini]
LogConfig: Setting CVar [[s.MinBulkDataSizeForAsyncLoading:131072]]
LogConfig: Setting CVar [[s.AsyncLoadingThreadEnabled:0]]
LogConfig: Setting CVar [[s.EventDrivenLoaderEnabled:1]]
LogConfig: Setting CVar [[s.WarnIfTimeLimitExceeded:0]]
LogConfig: Setting CVar [[s.TimeLimitExceededMultiplier:1.5]]
LogConfig: Setting CVar [[s.TimeLimitExceededMinTime:0.005]]
LogConfig: Setting CVar [[s.UseBackgroundLevelStreaming:1]]
LogConfig: Setting CVar [[s.PriorityAsyncLoadingExtraTime:15.0]]
LogConfig: Setting CVar [[s.LevelStreamingActorsUpdateTimeLimit:5.0]]
LogConfig: Setting CVar [[s.PriorityLevelStreamingActorsUpdateExtraTime:5.0]]
LogConfig: Setting CVar [[s.LevelStreamingComponentsRegistrationGranularity:10]]
LogConfig: Setting CVar [[s.UnregisterComponentsTimeLimit:1.0]]
LogConfig: Setting CVar [[s.LevelStreamingComponentsUnregistrationGranularity:5]]
LogConfig: Setting CVar [[s.FlushStreamingOnExit:1]]
LogInit: Object subsystem initialized
LogConfig: Setting CVar [[con.DebugEarlyDefault:1]]
LogConfig: Setting CVar [[r.setres:1280x720]]
[2024.09.23-06.45.18:667][  0]LogConfig: Setting CVar [[r.VSync:0]]
[2024.09.23-06.45.18:667][  0]LogConfig: Setting CVar [[r.RHICmdBypass:0]]
[2024.09.23-06.45.18:667][  0]LogConfig: Applying CVar settings from Section [/Script/Engine.RendererSettings] File [C:/Users/z3ro_/Documents/Unreal Projects/Puzzle_Gen2/Saved/Config/Windows/Engine.ini]
[2024.09.23-06.45.18:667][  0]LogConfig: Setting CVar [[r.GPUCrashDebugging:0]]
[2024.09.23-06.45.18:667][  0]LogConfig: Applying CVar settings from Section [/Script/Engine.RendererOverrideSettings] File [C:/Users/z3ro_/Documents/Unreal Projects/Puzzle_Gen2/Saved/Config/Windows/Engine.ini]
[2024.09.23-06.45.18:668][  0]LogConfig: Applying CVar settings from Section [/Script/Engine.StreamingSettings] File [C:/Users/z3ro_/Documents/Unreal Projects/Puzzle_Gen2/Saved/Config/Windows/Engine.ini]
[2024.09.23-06.45.18:668][  0]LogConfig: Setting CVar [[s.MinBulkDataSizeForAsyncLoading:131072]]
[2024.09.23-06.45.18:668][  0]LogConfig: Setting CVar [[s.AsyncLoadingThreadEnabled:0]]
[2024.09.23-06.45.18:668][  0]LogConfig: Setting CVar [[s.EventDrivenLoaderEnabled:1]]
[2024.09.23-06.45.18:668][  0]LogConfig: Setting CVar [[s.WarnIfTimeLimitExceeded:0]]
[2024.09.23-06.45.18:668][  0]LogConfig: Setting CVar [[s.TimeLimitExceededMultiplier:1.5]]
[2024.09.23-06.45.18:668][  0]LogConfig: Setting CVar [[s.TimeLimitExceededMinTime:0.005]]
[2024.09.23-06.45.18:668][  0]LogConfig: Setting CVar [[s.UseBackgroundLevelStreaming:1]]
[2024.09.23-06.45.18:668][  0]LogConfig: Setting CVar [[s.PriorityAsyncLoadingExtraTime:15.0]]
[2024.09.23-06.45.18:668][  0]LogConfig: Setting CVar [[s.LevelStreamingActorsUpdateTimeLimit:5.0]]
[2024.09.23-06.45.18:668][  0]LogConfig: Setting CVar [[s.PriorityLevelStreamingActorsUpdateExtraTime:5.0]]
[2024.09.23-06.45.18:668][  0]LogConfig: Setting CVar [[s.LevelStreamingComponentsRegistrationGranularity:10]]
[2024.09.23-06.45.18:668][  0]LogConfig: Setting CVar [[s.UnregisterComponentsTimeLimit:1.0]]
[2024.09.23-06.45.18:668][  0]LogConfig: Setting CVar [[s.LevelStreamingComponentsUnregistrationGranularity:5]]
[2024.09.23-06.45.18:668][  0]LogConfig: Setting CVar [[s.FlushStreamingOnExit:1]]
[2024.09.23-06.45.18:668][  0]LogConfig: Applying CVar settings from Section [/Script/Engine.GarbageCollectionSettings] File [C:/Users/z3ro_/Documents/Unreal Projects/Puzzle_Gen2/Saved/Config/Windows/Engine.ini]
[2024.09.23-06.45.18:668][  0]LogConfig: Setting CVar [[gc.MaxObjectsNotConsideredByGC:1]]
[2024.09.23-06.45.18:668][  0]LogConfig: Setting CVar [[gc.SizeOfPermanentObjectPool:0]]
[2024.09.23-06.45.18:668][  0]LogConfig: Setting CVar [[gc.FlushStreamingOnGC:0]]
[2024.09.23-06.45.18:668][  0]LogConfig: Setting CVar [[gc.NumRetriesBeforeForcingGC:10]]
[2024.09.23-06.45.18:668][  0]LogConfig: Setting CVar [[gc.AllowParallelGC:1]]
[2024.09.23-06.45.18:668][  0]LogConfig: Setting CVar [[gc.TimeBetweenPurgingPendingKillObjects:61.1]]
[2024.09.23-06.45.18:668][  0]LogConfig: Setting CVar [[gc.MaxObjectsInEditor:25165824]]
[2024.09.23-06.45.18:668][  0]LogConfig: Setting CVar [[gc.IncrementalBeginDestroyEnabled:1]]
[2024.09.23-06.45.18:668][  0]LogConfig: Setting CVar [[gc.CreateGCClusters:1]]
[2024.09.23-06.45.18:668][  0]LogConfig: Setting CVar [[gc.MinGCClusterSize:5]]
[2024.09.23-06.45.18:668][  0]LogConfig: Setting CVar [[gc.ActorClusteringEnabled:0]]
[2024.09.23-06.45.18:668][  0]LogConfig: Setting CVar [[gc.BlueprintClusteringEnabled:0]]
[2024.09.23-06.45.18:668][  0]LogConfig: Setting CVar [[gc.UseDisregardForGCOnDedicatedServers:0]]
[2024.09.23-06.45.18:668][  0]LogConfig: Setting CVar [[gc.MultithreadedDestructionEnabled:1]]
[2024.09.23-06.45.18:668][  0]LogConfig: Applying CVar settings from Section [/Script/Engine.NetworkSettings] File [C:/Users/z3ro_/Documents/Unreal Projects/Puzzle_Gen2/Saved/Config/Windows/Engine.ini]
[2024.09.23-06.45.18:668][  0]LogConfig: Applying CVar settings from Section [/Script/UnrealEd.CookerSettings] File [C:/Users/z3ro_/Documents/Unreal Projects/Puzzle_Gen2/Saved/Config/Windows/Engine.ini]
[2024.09.23-06.45.18:670][  0]LogConfig: Applying CVar settings from Section [ViewDistanceQuality@3] File [C:/Users/z3ro_/Documents/Unreal Projects/Puzzle_Gen2/Saved/Config/Windows/Scalability.ini]
[2024.09.23-06.45.18:670][  0]LogConfig: Setting CVar [[r.SkeletalMeshLODBias:0]]
[2024.09.23-06.45.18:670][  0]LogConfig: Setting CVar [[r.ViewDistanceScale:1.0]]
[2024.09.23-06.45.18:670][  0]LogConfig: Applying CVar settings from Section [AntiAliasingQuality@3] File [C:/Users/z3ro_/Documents/Unreal Projects/Puzzle_Gen2/Saved/Config/Windows/Scalability.ini]
[2024.09.23-06.45.18:670][  0]LogConfig: Setting CVar [[r.PostProcessAAQuality:4]]
[2024.09.23-06.45.18:670][  0]LogConfig: Applying CVar settings from Section [ShadowQuality@3] File [C:/Users/z3ro_/Documents/Unreal Projects/Puzzle_Gen2/Saved/Config/Windows/Scalability.ini]
[2024.09.23-06.45.18:670][  0]LogConfig: Setting CVar [[r.LightFunctionQuality:1]]
[2024.09.23-06.45.18:670][  0]LogConfig: Setting CVar [[r.ShadowQuality:5]]
[2024.09.23-06.45.18:670][  0]LogConfig: Setting CVar [[r.Shadow.CSM.MaxCascades:10]]
[2024.09.23-06.45.18:670][  0]LogConfig: Setting CVar [[r.Shadow.MaxResolution:2048]]
[2024.09.23-06.45.18:670][  0]LogConfig: Setting CVar [[r.Shadow.MaxCSMResolution:2048]]
[2024.09.23-06.45.18:670][  0]LogConfig: Setting CVar [[r.Shadow.RadiusThreshold:0.01]]
[2024.09.23-06.45.18:670][  0]LogConfig: Setting CVar [[r.Shadow.DistanceScale:1.0]]
[2024.09.23-06.45.18:670][  0]LogConfig: Setting CVar [[r.Shadow.CSM.TransitionScale:1.0]]
[2024.09.23-06.45.18:670][  0]LogConfig: Setting CVar [[r.Shadow.PreShadowResolutionFactor:1.0]]
[2024.09.23-06.45.18:670][  0]LogConfig: Setting CVar [[r.DistanceFieldShadowing:1]]
[2024.09.23-06.45.18:670][  0]LogConfig: Setting CVar [[r.DistanceFieldAO:1]]
[2024.09.23-06.45.18:670][  0]LogConfig: Setting CVar [[r.AOQuality:2]]
[2024.09.23-06.45.18:670][  0]LogConfig: Setting CVar [[r.VolumetricFog:1]]
[2024.09.23-06.45.18:670][  0]LogConfig: Setting CVar [[r.VolumetricFog.GridPixelSize:8]]
[2024.09.23-06.45.18:670][  0]LogConfig: Setting CVar [[r.VolumetricFog.GridSizeZ:128]]
[2024.09.23-06.45.18:670][  0]LogConfig: Setting CVar [[r.VolumetricFog.HistoryMissSupersampleCount:4]]
[2024.09.23-06.45.18:670][  0]LogConfig: Setting CVar [[r.LightMaxDrawDistanceScale:1]]
[2024.09.23-06.45.18:670][  0]LogConfig: Setting CVar [[r.CapsuleShadows:1]]
[2024.09.23-06.45.18:670][  0]LogConfig: Applying CVar settings from Section [PostProcessQuality@3] File [C:/Users/z3ro_/Documents/Unreal Projects/Puzzle_Gen2/Saved/Config/Windows/Scalability.ini]
[2024.09.23-06.45.18:670][  0]LogConfig: Setting CVar [[r.MotionBlurQuality:4]]
[2024.09.23-06.45.18:670][  0]LogConfig: Setting CVar [[r.AmbientOcclusionMipLevelFactor:0.4]]
[2024.09.23-06.45.18:670][  0]LogConfig: Setting CVar [[r.AmbientOcclusionMaxQuality:100]]
[2024.09.23-06.45.18:670][  0]LogConfig: Setting CVar [[r.AmbientOcclusionLevels:-1]]
[2024.09.23-06.45.18:670][  0]LogConfig: Setting CVar [[r.AmbientOcclusionRadiusScale:1.0]]
[2024.09.23-06.45.18:670][  0]LogConfig: Setting CVar [[r.DepthOfFieldQuality:2]]
[2024.09.23-06.45.18:670][  0]LogConfig: Setting CVar [[r.RenderTargetPoolMin:400]]
[2024.09.23-06.45.18:670][  0]LogConfig: Setting CVar [[r.LensFlareQuality:2]]
[2024.09.23-06.45.18:670][  0]LogConfig: Setting CVar [[r.SceneColorFringeQuality:1]]
[2024.09.23-06.45.18:670][  0]LogConfig: Setting CVar [[r.EyeAdaptationQuality:2]]
[2024.09.23-06.45.18:670][  0]LogConfig: Setting CVar [[r.BloomQuality:5]]
[2024.09.23-06.45.18:670][  0]LogConfig: Setting CVar [[r.FastBlurThreshold:100]]
[2024.09.23-06.45.18:670][  0]LogConfig: Setting CVar [[r.Upscale.Quality:3]]
[2024.09.23-06.45.18:670][  0]LogConfig: Setting CVar [[r.Tonemapper.GrainQuantization:1]]
[2024.09.23-06.45.18:670][  0]LogConfig: Setting CVar [[r.LightShaftQuality:1]]
[2024.09.23-06.45.18:670][  0]LogConfig: Setting CVar [[r.Filter.SizeScale:1]]
[2024.09.23-06.45.18:670][  0]LogConfig: Setting CVar [[r.Tonemapper.Quality:5]]
[2024.09.23-06.45.18:670][  0]LogConfig: Setting CVar [[r.DOF.Gather.AccumulatorQuality:1        ; higher gathering accumulator quality]]
[2024.09.23-06.45.18:670][  0]LogConfig: Setting CVar [[r.DOF.Gather.PostfilterMethod:1          ; Median3x3 postfilering method]]
[2024.09.23-06.45.18:670][  0]LogConfig: Setting CVar [[r.DOF.Gather.EnableBokehSettings:0       ; no bokeh simulation when gathering]]
[2024.09.23-06.45.18:670][  0]LogConfig: Setting CVar [[r.DOF.Gather.RingCount:4                 ; medium number of samples when gathering]]
[2024.09.23-06.45.18:670][  0]LogConfig: Setting CVar [[r.DOF.Scatter.ForegroundCompositing:1    ; additive foreground scattering]]
[2024.09.23-06.45.18:670][  0]LogConfig: Setting CVar [[r.DOF.Scatter.BackgroundCompositing:2    ; additive background scattering]]
[2024.09.23-06.45.18:670][  0]LogConfig: Setting CVar [[r.DOF.Scatter.EnableBokehSettings:1      ; bokeh simulation when scattering]]
[2024.09.23-06.45.18:670][  0]LogConfig: Setting CVar [[r.DOF.Scatter.MaxSpriteRatio:0.1         ; only a maximum of 10% of scattered bokeh]]
[2024.09.23-06.45.18:670][  0]LogConfig: Setting CVar [[r.DOF.Recombine.Quality:1                ; cheap slight out of focus]]
[2024.09.23-06.45.18:670][  0]LogConfig: Setting CVar [[r.DOF.Recombine.EnableBokehSettings:0    ; no bokeh simulation on slight out of focus]]
[2024.09.23-06.45.18:670][  0]LogConfig: Setting CVar [[r.DOF.TemporalAAQuality:1                ; more stable temporal accumulation]]
[2024.09.23-06.45.18:670][  0]LogConfig: Setting CVar [[r.DOF.Kernel.MaxForegroundRadius:0.025]]
[2024.09.23-06.45.18:670][  0]LogConfig: Setting CVar [[r.DOF.Kernel.MaxBackgroundRadius:0.025]]
[2024.09.23-06.45.18:670][  0]LogConfig: Applying CVar settings from Section [TextureQuality@3] File [C:/Users/z3ro_/Documents/Unreal Projects/Puzzle_Gen2/Saved/Config/Windows/Scalability.ini]
[2024.09.23-06.45.18:670][  0]LogConfig: Setting CVar [[r.Streaming.MipBias:0]]
[2024.09.23-06.45.18:670][  0]LogConfig: Setting CVar [[r.Streaming.AmortizeCPUToGPUCopy:0]]
[2024.09.23-06.45.18:670][  0]LogConfig: Setting CVar [[r.Streaming.MaxNumTexturesToStreamPerFrame:0]]
[2024.09.23-06.45.18:670][  0]LogConfig: Setting CVar [[r.Streaming.Boost:1]]
[2024.09.23-06.45.18:670][  0]LogConfig: Setting CVar [[r.MaxAnisotropy:8]]
[2024.09.23-06.45.18:670][  0]LogConfig: Setting CVar [[r.VT.MaxAnisotropy:8]]
[2024.09.23-06.45.18:670][  0]LogConfig: Setting CVar [[r.Streaming.LimitPoolSizeToVRAM:0]]
[2024.09.23-06.45.18:670][  0]LogConfig: Setting CVar [[r.Streaming.PoolSize:1000]]
[2024.09.23-06.45.18:670][  0]LogConfig: Setting CVar [[r.Streaming.MaxEffectiveScreenSize:0]]
[2024.09.23-06.45.18:670][  0]LogConfig: Applying CVar settings from Section [EffectsQuality@3] File [C:/Users/z3ro_/Documents/Unreal Projects/Puzzle_Gen2/Saved/Config/Windows/Scalability.ini]
[2024.09.23-06.45.18:670][  0]LogConfig: Setting CVar [[r.TranslucencyLightingVolumeDim:64]]
[2024.09.23-06.45.18:670][  0]LogConfig: Setting CVar [[r.RefractionQuality:2]]
[2024.09.23-06.45.18:670][  0]LogConfig: Setting CVar [[r.SSR.Quality:3]]
[2024.09.23-06.45.18:670][  0]LogConfig: Setting CVar [[r.SSR.HalfResSceneColor:0]]
[2024.09.23-06.45.18:670][  0]LogConfig: Setting CVar [[r.SceneColorFormat:4]]
[2024.09.23-06.45.18:671][  0]LogConfig: Setting CVar [[r.DetailMode:2]]
[2024.09.23-06.45.18:671][  0]LogConfig: Setting CVar [[r.TranslucencyVolumeBlur:1]]
[2024.09.23-06.45.18:671][  0]LogConfig: Setting CVar [[r.MaterialQualityLevel:1 ; High quality]]
[2024.09.23-06.45.18:671][  0]LogConfig: Setting CVar [[r.AnisotropicMaterials:1]]
[2024.09.23-06.45.18:671][  0]LogConfig: Setting CVar [[r.SSS.Scale:1]]
[2024.09.23-06.45.18:671][  0]LogConfig: Setting CVar [[r.SSS.SampleSet:2]]
[2024.09.23-06.45.18:671][  0]LogConfig: Setting CVar [[r.SSS.Quality:1]]
[2024.09.23-06.45.18:671][  0]LogConfig: Setting CVar [[r.SSS.HalfRes:0]]
[2024.09.23-06.45.18:671][  0]LogConfig: Setting CVar [[r.SSGI.Quality:3]]
[2024.09.23-06.45.18:671][  0]LogConfig: Setting CVar [[r.EmitterSpawnRateScale:1.0]]
[2024.09.23-06.45.18:671][  0]LogConfig: Setting CVar [[r.ParticleLightQuality:2]]
[2024.09.23-06.45.18:671][  0]LogConfig: Setting CVar [[r.SkyAtmosphere.AerialPerspectiveLUT.FastApplyOnOpaque:1 ; Always have FastSkyLUT 1 in this case to avoid wrong sky]]
[2024.09.23-06.45.18:671][  0]LogConfig: Setting CVar [[r.SkyAtmosphere.AerialPerspectiveLUT.SampleCountMaxPerSlice:4]]
[2024.09.23-06.45.18:671][  0]LogConfig: Setting CVar [[r.SkyAtmosphere.AerialPerspectiveLUT.DepthResolution:16.0]]
[2024.09.23-06.45.18:671][  0]LogConfig: Setting CVar [[r.SkyAtmosphere.FastSkyLUT:1]]
[2024.09.23-06.45.18:671][  0]LogConfig: Setting CVar [[r.SkyAtmosphere.FastSkyLUT.SampleCountMin:4.0]]
[2024.09.23-06.45.18:671][  0]LogConfig: Setting CVar [[r.SkyAtmosphere.FastSkyLUT.SampleCountMax:128.0]]
[2024.09.23-06.45.18:671][  0]LogConfig: Setting CVar [[r.SkyAtmosphere.SampleCountMin:4.0]]
[2024.09.23-06.45.18:671][  0]LogConfig: Setting CVar [[r.SkyAtmosphere.SampleCountMax:128.0]]
[2024.09.23-06.45.18:671][  0]LogConfig: Setting CVar [[r.SkyAtmosphere.TransmittanceLUT.UseSmallFormat:0]]
[2024.09.23-06.45.18:671][  0]LogConfig: Setting CVar [[r.SkyAtmosphere.TransmittanceLUT.SampleCount:10.0]]
[2024.09.23-06.45.18:671][  0]LogConfig: Setting CVar [[r.SkyAtmosphere.MultiScatteringLUT.SampleCount:15.0]]
[2024.09.23-06.45.18:671][  0]LogConfig: Setting CVar [[r.SkyLight.RealTimeReflectionCapture:1]]
[2024.09.23-06.45.18:671][  0]LogConfig: Applying CVar settings from Section [FoliageQuality@3] File [C:/Users/z3ro_/Documents/Unreal Projects/Puzzle_Gen2/Saved/Config/Windows/Scalability.ini]
[2024.09.23-06.45.18:671][  0]LogConfig: Setting CVar [[foliage.DensityScale:1.0]]
[2024.09.23-06.45.18:671][  0]LogConfig: Setting CVar [[grass.DensityScale:1.0]]
[2024.09.23-06.45.18:671][  0]LogConfig: Applying CVar settings from Section [ShadingQuality@3] File [C:/Users/z3ro_/Documents/Unreal Projects/Puzzle_Gen2/Saved/Config/Windows/Scalability.ini]
[2024.09.23-06.45.18:671][  0]LogConfig: Setting CVar [[r.HairStrands.SkyLighting.IntegrationType:2]]
[2024.09.23-06.45.18:671][  0]LogConfig: Setting CVar [[r.HairStrands.SkyAO.SampleCount:4]]
[2024.09.23-06.45.18:671][  0]LogConfig: Setting CVar [[r.HairStrands.Visibility.MSAA.SamplePerPixel:4]]
[2024.09.23-06.45.18:671][  0]LogInit: Selected Device Profile: [Windows]
[2024.09.23-06.45.18:671][  0]LogInit: Applying CVar settings loaded from the selected device profile: [Windows]
[2024.09.23-06.45.18:671][  0]LogHAL: Display: Platform has ~ 16 GB [16886784000 / 17179869184 / 16], which maps to Larger [LargestMinGB=32, LargerMinGB=12, DefaultMinGB=8, SmallerMinGB=6, SmallestMinGB=0)
[2024.09.23-06.45.18:671][  0]LogInit: Going up to parent DeviceProfile []
[2024.09.23-06.45.18:671][  0]LogConfig: Applying CVar settings from Section [ViewDistanceQuality@3] File [C:/Users/z3ro_/Documents/Unreal Projects/Puzzle_Gen2/Saved/Config/Windows/Scalability.ini]
[2024.09.23-06.45.18:671][  0]LogConfig: Setting CVar [[r.SkeletalMeshLODBias:0]]
[2024.09.23-06.45.18:671][  0]LogConfig: Setting CVar [[r.ViewDistanceScale:1.0]]
[2024.09.23-06.45.18:671][  0]LogConfig: Applying CVar settings from Section [AntiAliasingQuality@3] File [C:/Users/z3ro_/Documents/Unreal Projects/Puzzle_Gen2/Saved/Config/Windows/Scalability.ini]
[2024.09.23-06.45.18:671][  0]LogConfig: Setting CVar [[r.PostProcessAAQuality:4]]
[2024.09.23-06.45.18:671][  0]LogConfig: Applying CVar settings from Section [ShadowQuality@3] File [C:/Users/z3ro_/Documents/Unreal Projects/Puzzle_Gen2/Saved/Config/Windows/Scalability.ini]
[2024.09.23-06.45.18:671][  0]LogConfig: Setting CVar [[r.LightFunctionQuality:1]]
[2024.09.23-06.45.18:671][  0]LogConfig: Setting CVar [[r.ShadowQuality:5]]
[2024.09.23-06.45.18:671][  0]LogConfig: Setting CVar [[r.Shadow.CSM.MaxCascades:10]]
[2024.09.23-06.45.18:671][  0]LogConfig: Setting CVar [[r.Shadow.MaxResolution:2048]]
[2024.09.23-06.45.18:671][  0]LogConfig: Setting CVar [[r.Shadow.MaxCSMResolution:2048]]
[2024.09.23-06.45.18:671][  0]LogConfig: Setting CVar [[r.Shadow.RadiusThreshold:0.01]]
[2024.09.23-06.45.18:671][  0]LogConfig: Setting CVar [[r.Shadow.DistanceScale:1.0]]
[2024.09.23-06.45.18:671][  0]LogConfig: Setting CVar [[r.Shadow.CSM.TransitionScale:1.0]]
[2024.09.23-06.45.18:671][  0]LogConfig: Setting CVar [[r.Shadow.PreShadowResolutionFactor:1.0]]
[2024.09.23-06.45.18:671][  0]LogConfig: Setting CVar [[r.DistanceFieldShadowing:1]]
[2024.09.23-06.45.18:671][  0]LogConfig: Setting CVar [[r.DistanceFieldAO:1]]
[2024.09.23-06.45.18:671][  0]LogConfig: Setting CVar [[r.AOQuality:2]]
[2024.09.23-06.45.18:671][  0]LogConfig: Setting CVar [[r.VolumetricFog:1]]
[2024.09.23-06.45.18:671][  0]LogConfig: Setting CVar [[r.VolumetricFog.GridPixelSize:8]]
[2024.09.23-06.45.18:671][  0]LogConfig: Setting CVar [[r.VolumetricFog.GridSizeZ:128]]
[2024.09.23-06.45.18:671][  0]LogConfig: Setting CVar [[r.VolumetricFog.HistoryMissSupersampleCount:4]]
[2024.09.23-06.45.18:671][  0]LogConfig: Setting CVar [[r.LightMaxDrawDistanceScale:1]]
[2024.09.23-06.45.18:671][  0]LogConfig: Setting CVar [[r.CapsuleShadows:1]]
[2024.09.23-06.45.18:671][  0]LogConfig: Applying CVar settings from Section [PostProcessQuality@3] File [C:/Users/z3ro_/Documents/Unreal Projects/Puzzle_Gen2/Saved/Config/Windows/Scalability.ini]
[2024.09.23-06.45.18:671][  0]LogConfig: Setting CVar [[r.MotionBlurQuality:4]]
[2024.09.23-06.45.18:671][  0]LogConfig: Setting CVar [[r.AmbientOcclusionMipLevelFactor:0.4]]
[2024.09.23-06.45.18:671][  0]LogConfig: Setting CVar [[r.AmbientOcclusionMaxQuality:100]]
[2024.09.23-06.45.18:671][  0]LogConfig: Setting CVar [[r.AmbientOcclusionLevels:-1]]
[2024.09.23-06.45.18:671][  0]LogConfig: Setting CVar [[r.AmbientOcclusionRadiusScale:1.0]]
[2024.09.23-06.45.18:671][  0]LogConfig: Setting CVar [[r.DepthOfFieldQuality:2]]
[2024.09.23-06.45.18:671][  0]LogConfig: Setting CVar [[r.RenderTargetPoolMin:400]]
[2024.09.23-06.45.18:671][  0]LogConfig: Setting CVar [[r.LensFlareQuality:2]]
[2024.09.23-06.45.18:671][  0]LogConfig: Setting CVar [[r.SceneColorFringeQuality:1]]
[2024.09.23-06.45.18:671][  0]LogConfig: Setting CVar [[r.EyeAdaptationQuality:2]]
[2024.09.23-06.45.18:671][  0]LogConfig: Setting CVar [[r.BloomQuality:5]]
[2024.09.23-06.45.18:671][  0]LogConfig: Setting CVar [[r.FastBlurThreshold:100]]
[2024.09.23-06.45.18:671][  0]LogConfig: Setting CVar [[r.Upscale.Quality:3]]
[2024.09.23-06.45.18:671][  0]LogConfig: Setting CVar [[r.Tonemapper.GrainQuantization:1]]
[2024.09.23-06.45.18:671][  0]LogConfig: Setting CVar [[r.LightShaftQuality:1]]
[2024.09.23-06.45.18:671][  0]LogConfig: Setting CVar [[r.Filter.SizeScale:1]]
[2024.09.23-06.45.18:671][  0]LogConfig: Setting CVar [[r.Tonemapper.Quality:5]]
[2024.09.23-06.45.18:671][  0]LogConfig: Setting CVar [[r.DOF.Gather.AccumulatorQuality:1        ; higher gathering accumulator quality]]
[2024.09.23-06.45.18:671][  0]LogConfig: Setting CVar [[r.DOF.Gather.PostfilterMethod:1          ; Median3x3 postfilering method]]
[2024.09.23-06.45.18:671][  0]LogConfig: Setting CVar [[r.DOF.Gather.EnableBokehSettings:0       ; no bokeh simulation when gathering]]
[2024.09.23-06.45.18:671][  0]LogConfig: Setting CVar [[r.DOF.Gather.RingCount:4                 ; medium number of samples when gathering]]
[2024.09.23-06.45.18:671][  0]LogConfig: Setting CVar [[r.DOF.Scatter.ForegroundCompositing:1    ; additive foreground scattering]]
[2024.09.23-06.45.18:671][  0]LogConfig: Setting CVar [[r.DOF.Scatter.BackgroundCompositing:2    ; additive background scattering]]
[2024.09.23-06.45.18:671][  0]LogConfig: Setting CVar [[r.DOF.Scatter.EnableBokehSettings:1      ; bokeh simulation when scattering]]
[2024.09.23-06.45.18:671][  0]LogConfig: Setting CVar [[r.DOF.Scatter.MaxSpriteRatio:0.1         ; only a maximum of 10% of scattered bokeh]]
[2024.09.23-06.45.18:671][  0]LogConfig: Setting CVar [[r.DOF.Recombine.Quality:1                ; cheap slight out of focus]]
[2024.09.23-06.45.18:671][  0]LogConfig: Setting CVar [[r.DOF.Recombine.EnableBokehSettings:0    ; no bokeh simulation on slight out of focus]]
[2024.09.23-06.45.18:671][  0]LogConfig: Setting CVar [[r.DOF.TemporalAAQuality:1                ; more stable temporal accumulation]]
[2024.09.23-06.45.18:671][  0]LogConfig: Setting CVar [[r.DOF.Kernel.MaxForegroundRadius:0.025]]
[2024.09.23-06.45.18:671][  0]LogConfig: Setting CVar [[r.DOF.Kernel.MaxBackgroundRadius:0.025]]
[2024.09.23-06.45.18:671][  0]LogConfig: Applying CVar settings from Section [TextureQuality@3] File [C:/Users/z3ro_/Documents/Unreal Projects/Puzzle_Gen2/Saved/Config/Windows/Scalability.ini]
[2024.09.23-06.45.18:671][  0]LogConfig: Setting CVar [[r.Streaming.MipBias:0]]
[2024.09.23-06.45.18:671][  0]LogConfig: Setting CVar [[r.Streaming.AmortizeCPUToGPUCopy:0]]
[2024.09.23-06.45.18:671][  0]LogConfig: Setting CVar [[r.Streaming.MaxNumTexturesToStreamPerFrame:0]]
[2024.09.23-06.45.18:671][  0]LogConfig: Setting CVar [[r.Streaming.Boost:1]]
[2024.09.23-06.45.18:671][  0]LogConfig: Setting CVar [[r.MaxAnisotropy:8]]
[2024.09.23-06.45.18:671][  0]LogConfig: Setting CVar [[r.VT.MaxAnisotropy:8]]
[2024.09.23-06.45.18:671][  0]LogConfig: Setting CVar [[r.Streaming.LimitPoolSizeToVRAM:0]]
[2024.09.23-06.45.18:671][  0]LogConfig: Setting CVar [[r.Streaming.PoolSize:1000]]
[2024.09.23-06.45.18:671][  0]LogConfig: Setting CVar [[r.Streaming.MaxEffectiveScreenSize:0]]
[2024.09.23-06.45.18:671][  0]LogConfig: Applying CVar settings from Section [EffectsQuality@3] File [C:/Users/z3ro_/Documents/Unreal Projects/Puzzle_Gen2/Saved/Config/Windows/Scalability.ini]
[2024.09.23-06.45.18:671][  0]LogConfig: Setting CVar [[r.TranslucencyLightingVolumeDim:64]]
[2024.09.23-06.45.18:671][  0]LogConfig: Setting CVar [[r.RefractionQuality:2]]
[2024.09.23-06.45.18:671][  0]LogConfig: Setting CVar [[r.SSR.Quality:3]]
[2024.09.23-06.45.18:671][  0]LogConfig: Setting CVar [[r.SSR.HalfResSceneColor:0]]
[2024.09.23-06.45.18:671][  0]LogConfig: Setting CVar [[r.SceneColorFormat:4]]
[2024.09.23-06.45.18:671][  0]LogConfig: Setting CVar [[r.DetailMode:2]]
[2024.09.23-06.45.18:671][  0]LogConfig: Setting CVar [[r.TranslucencyVolumeBlur:1]]
[2024.09.23-06.45.18:671][  0]LogConfig: Setting CVar [[r.MaterialQualityLevel:1 ; High quality]]
[2024.09.23-06.45.18:671][  0]LogConfig: Setting CVar [[r.AnisotropicMaterials:1]]
[2024.09.23-06.45.18:671][  0]LogConfig: Setting CVar [[r.SSS.Scale:1]]
[2024.09.23-06.45.18:671][  0]LogConfig: Setting CVar [[r.SSS.SampleSet:2]]
[2024.09.23-06.45.18:671][  0]LogConfig: Setting CVar [[r.SSS.Quality:1]]
[2024.09.23-06.45.18:671][  0]LogConfig: Setting CVar [[r.SSS.HalfRes:0]]
[2024.09.23-06.45.18:671][  0]LogConfig: Setting CVar [[r.SSGI.Quality:3]]
[2024.09.23-06.45.18:671][  0]LogConfig: Setting CVar [[r.EmitterSpawnRateScale:1.0]]
[2024.09.23-06.45.18:671][  0]LogConfig: Setting CVar [[r.ParticleLightQuality:2]]
[2024.09.23-06.45.18:671][  0]LogConfig: Setting CVar [[r.SkyAtmosphere.AerialPerspectiveLUT.FastApplyOnOpaque:1 ; Always have FastSkyLUT 1 in this case to avoid wrong sky]]
[2024.09.23-06.45.18:671][  0]LogConfig: Setting CVar [[r.SkyAtmosphere.AerialPerspectiveLUT.SampleCountMaxPerSlice:4]]
[2024.09.23-06.45.18:671][  0]LogConfig: Setting CVar [[r.SkyAtmosphere.AerialPerspectiveLUT.DepthResolution:16.0]]
[2024.09.23-06.45.18:671][  0]LogConfig: Setting CVar [[r.SkyAtmosphere.FastSkyLUT:1]]
[2024.09.23-06.45.18:671][  0]LogConfig: Setting CVar [[r.SkyAtmosphere.FastSkyLUT.SampleCountMin:4.0]]
[2024.09.23-06.45.18:671][  0]LogConfig: Setting CVar [[r.SkyAtmosphere.FastSkyLUT.SampleCountMax:128.0]]
[2024.09.23-06.45.18:671][  0]LogConfig: Setting CVar [[r.SkyAtmosphere.SampleCountMin:4.0]]
[2024.09.23-06.45.18:671][  0]LogConfig: Setting CVar [[r.SkyAtmosphere.SampleCountMax:128.0]]
[2024.09.23-06.45.18:671][  0]LogConfig: Setting CVar [[r.SkyAtmosphere.TransmittanceLUT.UseSmallFormat:0]]
[2024.09.23-06.45.18:671][  0]LogConfig: Setting CVar [[r.SkyAtmosphere.TransmittanceLUT.SampleCount:10.0]]
[2024.09.23-06.45.18:671][  0]LogConfig: Setting CVar [[r.SkyAtmosphere.MultiScatteringLUT.SampleCount:15.0]]
[2024.09.23-06.45.18:671][  0]LogConfig: Setting CVar [[r.SkyLight.RealTimeReflectionCapture:1]]
[2024.09.23-06.45.18:671][  0]LogConfig: Applying CVar settings from Section [FoliageQuality@3] File [C:/Users/z3ro_/Documents/Unreal Projects/Puzzle_Gen2/Saved/Config/Windows/Scalability.ini]
[2024.09.23-06.45.18:671][  0]LogConfig: Setting CVar [[foliage.DensityScale:1.0]]
[2024.09.23-06.45.18:671][  0]LogConfig: Setting CVar [[grass.DensityScale:1.0]]
[2024.09.23-06.45.18:671][  0]LogConfig: Applying CVar settings from Section [ShadingQuality@3] File [C:/Users/z3ro_/Documents/Unreal Projects/Puzzle_Gen2/Saved/Config/Windows/Scalability.ini]
[2024.09.23-06.45.18:671][  0]LogConfig: Setting CVar [[r.HairStrands.SkyLighting.IntegrationType:2]]
[2024.09.23-06.45.18:671][  0]LogConfig: Setting CVar [[r.HairStrands.SkyAO.SampleCount:4]]
[2024.09.23-06.45.18:671][  0]LogConfig: Setting CVar [[r.HairStrands.Visibility.MSAA.SamplePerPixel:4]]
[2024.09.23-06.45.18:671][  0]LogConfig: Applying CVar settings from Section [Startup] File [../../../Engine/Config/ConsoleVariables.ini]
[2024.09.23-06.45.18:671][  0]LogConfig: Setting CVar [[net.UseAdaptiveNetUpdateFrequency:0]]
[2024.09.23-06.45.18:672][  0]LogConfig: Setting CVar [[p.chaos.AllowCreatePhysxBodies:1]]
[2024.09.23-06.45.18:672][  0]LogConfig: Setting CVar [[fx.SkipVectorVMBackendOptimizations:1]]
[2024.09.23-06.45.18:672][  0]LogConfig: Applying CVar settings from Section [ConsoleVariables] File [C:/Users/z3ro_/Documents/Unreal Projects/Puzzle_Gen2/Saved/Config/Windows/Engine.ini]
[2024.09.23-06.45.18:672][  0]LogConfig: Applying CVar settings from Section [ConsoleVariables] File [C:/Users/z3ro_/Documents/Unreal Projects/Puzzle_Gen2/Saved/Config/Windows/Editor.ini]
[2024.09.23-06.45.18:672][  0]LogInit: Computer: Z3R0_774
[2024.09.23-06.45.18:672][  0]LogInit: User: z3ro
[2024.09.23-06.45.18:672][  0]LogInit: CPU Page size=4096, Cores=12
[2024.09.23-06.45.18:672][  0]LogInit: High frequency timer resolution =10.000000 MHz
[2024.09.23-06.45.18:672][  0]LogMemory: Memory total: Physical=15.7GB (16GB approx)
[2024.09.23-06.45.18:672][  0]LogMemory: Platform Memory Stats for Windows
[2024.09.23-06.45.18:672][  0]LogMemory: Process Physical Memory: 150.20 MB used, 150.20 MB peak
[2024.09.23-06.45.18:672][  0]LogMemory: Process Virtual Memory: 133.89 MB used, 133.89 MB peak
[2024.09.23-06.45.18:672][  0]LogMemory: Physical Memory: 10988.11 MB used,  5116.39 MB free, 16104.49 MB total
[2024.09.23-06.45.18:672][  0]LogMemory: Virtual Memory: 134207528.00 MB used,  10195.89 MB free, 134217728.00 MB total
[2024.09.23-06.45.18:676][  0]LogWindows: WindowsPlatformFeatures enabled
[2024.09.23-06.45.18:703][  0]LogInit: Physics initialised using underlying interface: PhysX
[2024.09.23-06.45.18:703][  0]LogInit: Using OS detected language (ru-RU).
[2024.09.23-06.45.18:704][  0]LogInit: Using OS detected locale (ru-RU).
[2024.09.23-06.45.18:704][  0]LogTextLocalizationManager: No specific localization for 'ru-RU' exists, so the 'ru' localization will be used.
[2024.09.23-06.45.18:704][  0]LogTextLocalizationResource: LocRes '../../../Engine/Content/Localization/Editor/ru/Editor.locres' could not be opened for reading!
[2024.09.23-06.45.18:704][  0]LogTextLocalizationResource: LocRes '../../../Engine/Content/Localization/EditorTutorials/ru/EditorTutorials.locres' could not be opened for reading!
[2024.09.23-06.45.18:704][  0]LogTextLocalizationResource: LocRes '../../../Engine/Content/Localization/Keywords/ru/Keywords.locres' could not be opened for reading!
[2024.09.23-06.45.18:704][  0]LogTextLocalizationResource: LocRes '../../../Engine/Content/Localization/Category/ru/Category.locres' could not be opened for reading!
[2024.09.23-06.45.18:705][  0]LogTextLocalizationResource: LocRes '../../../Engine/Content/Localization/ToolTips/ru/ToolTips.locres' could not be opened for reading!
[2024.09.23-06.45.18:705][  0]LogTextLocalizationResource: LocRes '../../../Engine/Content/Localization/PropertyNames/ru/PropertyNames.locres' could not be opened for reading!
[2024.09.23-06.45.18:705][  0]LogTextLocalizationResource: LocRes '../../../Engine/Content/Localization/Engine/ru/Engine.locres' could not be opened for reading!
[2024.09.23-06.45.18:705][  0]LogInit: Setting process to per monitor DPI aware
[2024.09.23-06.45.18:710][  0]LogWindowsTextInputMethodSystem: Display: IME system deactivated.
[2024.09.23-06.45.18:718][  0]LogSlate: New Slate User Created.  User Index 0, Is Virtual User: 0
[2024.09.23-06.45.18:718][  0]LogSlate: Slate User Registered.  User Index 0, Is Virtual User: 0
[2024.09.23-06.45.18:778][  0]LogD3D11RHI: Loaded GFSDK_Aftermath_Lib.x64.dll
[2024.09.23-06.45.18:839][  0]LogHMD: Failed to initialize OpenVR with code 108
[2024.09.23-06.45.18:839][  0]LogD3D11RHI: D3D11 min allowed feature level: 11_0
[2024.09.23-06.45.18:839][  0]LogD3D11RHI: D3D11 max allowed feature level: 11_0
[2024.09.23-06.45.18:839][  0]LogD3D11RHI: D3D11 adapters:
[2024.09.23-06.45.18:947][  0]LogD3D11RHI:    0. 'NVIDIA GeForce RTX 4060 Laptop GPU' (Feature Level 11_0)
[2024.09.23-06.45.18:947][  0]LogD3D11RHI:       7957/0/8052 MB DedicatedVideo/DedicatedSystem/SharedSystem, Outputs:1, VendorId:0x10de
[2024.09.23-06.45.18:969][  0]LogD3D11RHI:    1. 'Intel(R) Iris(R) Xe Graphics' (Feature Level 11_0)
[2024.09.23-06.45.18:969][  0]LogD3D11RHI:       128/0/8052 MB DedicatedVideo/DedicatedSystem/SharedSystem, Outputs:0, VendorId:0x8086
[2024.09.23-06.45.18:970][  0]LogD3D11RHI:    2. 'Microsoft Basic Render Driver' (Feature Level 11_0)
[2024.09.23-06.45.18:970][  0]LogD3D11RHI:       0/0/8052 MB DedicatedVideo/DedicatedSystem/SharedSystem, Outputs:0, VendorId:0x1414
[2024.09.23-06.45.18:970][  0]LogD3D11RHI: Chosen D3D11 Adapter:
[2024.09.23-06.45.18:970][  0]LogD3D11RHI:     Description : NVIDIA GeForce RTX 4060 Laptop GPU
[2024.09.23-06.45.18:970][  0]LogD3D11RHI:     VendorId    : 10de
[2024.09.23-06.45.18:970][  0]LogD3D11RHI:     DeviceId    : 28a0
[2024.09.23-06.45.18:970][  0]LogD3D11RHI:     SubSysId    : a5521558
[2024.09.23-06.45.18:970][  0]LogD3D11RHI:     Revision    : 00a1
[2024.09.23-06.45.18:970][  0]LogD3D11RHI:     DedicatedVideoMemory : 8343519232 bytes
[2024.09.23-06.45.18:970][  0]LogD3D11RHI:     DedicatedSystemMemory : 0 bytes
[2024.09.23-06.45.18:970][  0]LogD3D11RHI:     SharedSystemMemory : 8443392000 bytes
[2024.09.23-06.45.18:970][  0]LogD3D11RHI:     AdapterLuid : 0 60781
[2024.09.23-06.45.18:974][  0]LogD3D11RHI: Creating new Direct3DDevice
[2024.09.23-06.45.18:975][  0]LogD3D11RHI:     GPU DeviceId: 0x28a0 (for the marketing name, search the web for "GPU Device Id")
[2024.09.23-06.45.18:975][  0]LogWindows: EnumDisplayDevices:
[2024.09.23-06.45.18:975][  0]LogWindows:    0. 'Intel(R) Iris(R) Xe Graphics' (P:1 D:1)
[2024.09.23-06.45.18:975][  0]LogWindows:    1. 'Intel(R) Iris(R) Xe Graphics' (P:0 D:0)
[2024.09.23-06.45.18:975][  0]LogWindows:    2. 'Intel(R) Iris(R) Xe Graphics' (P:0 D:0)
[2024.09.23-06.45.18:975][  0]LogWindows:    3. 'Intel(R) Iris(R) Xe Graphics' (P:0 D:0)
[2024.09.23-06.45.18:975][  0]LogWindows:    4. 'NVIDIA GeForce RTX 4060 Laptop GPU' (P:0 D:0)
[2024.09.23-06.45.18:975][  0]LogWindows:    5. 'NVIDIA GeForce RTX 4060 Laptop GPU' (P:0 D:0)
[2024.09.23-06.45.18:976][  0]LogWindows:    6. 'NVIDIA GeForce RTX 4060 Laptop GPU' (P:0 D:0)
[2024.09.23-06.45.18:976][  0]LogWindows:    7. 'NVIDIA GeForce RTX 4060 Laptop GPU' (P:0 D:0)
[2024.09.23-06.45.18:976][  0]LogWindows: DebugString: PrimaryIsNotTheChoosenAdapter PrimaryIsNotTheChoosenAdapter PrimaryIsNotTheChoosenAdapter PrimaryIsNotTheChoosenAdapter FoundDriverCount:4 
[2024.09.23-06.45.18:976][  0]LogD3D11RHI:     Adapter Name: NVIDIA GeForce RTX 4060 Laptop GPU
[2024.09.23-06.45.18:976][  0]LogD3D11RHI:   Driver Version: 560.70 (internal:32.0.15.6070, unified:560.70)
[2024.09.23-06.45.18:976][  0]LogD3D11RHI:      Driver Date: 7-10-2024
[2024.09.23-06.45.18:976][  0]LogRHI: Texture pool is 5569 MB (70% of 7957 MB)
[2024.09.23-06.45.18:976][  0]LogD3D11RHI: Creating D3DDevice using adapter:
[2024.09.23-06.45.18:976][  0]LogD3D11RHI:     Description : NVIDIA GeForce RTX 4060 Laptop GPU
[2024.09.23-06.45.18:976][  0]LogD3D11RHI:     VendorId    : 10de
[2024.09.23-06.45.18:976][  0]LogD3D11RHI:     DeviceId    : 28a0
[2024.09.23-06.45.18:976][  0]LogD3D11RHI:     SubSysId    : a5521558
[2024.09.23-06.45.18:976][  0]LogD3D11RHI:     Revision    : 00a1
[2024.09.23-06.45.18:976][  0]LogD3D11RHI:     DedicatedVideoMemory : 8343519232 bytes
[2024.09.23-06.45.18:976][  0]LogD3D11RHI:     DedicatedSystemMemory : 0 bytes
[2024.09.23-06.45.18:976][  0]LogD3D11RHI:     SharedSystemMemory : 8443392000 bytes
[2024.09.23-06.45.18:976][  0]LogD3D11RHI:     AdapterLuid : 0 60781
[2024.09.23-06.45.19:028][  0]LogD3D11RHI: RHI has support for 64 bit atomics
[2024.09.23-06.45.19:028][  0]LogD3D11RHI: Async texture creation enabled
[2024.09.23-06.45.19:028][  0]LogD3D11RHI: Array index from any shader is supported
[2024.09.23-06.45.19:040][  0]LogD3D11RHI: GPU Timing Frequency: 1000.000000 (Debug: 2 1)
[2024.09.23-06.45.19:061][  0]LogRHI: GeForceNow SDK initialized: 1
[2024.09.23-06.45.19:269][  0]LogTargetPlatformManager: Display: Loaded TargetPlatform 'AllDesktop'
[2024.09.23-06.45.19:284][  0]LogTargetPlatformManager: Display: Loaded TargetPlatform 'Android'
[2024.09.23-06.45.19:284][  0]LogTargetPlatformManager: Display: Loaded TargetPlatform 'Android_ASTC'
[2024.09.23-06.45.19:284][  0]LogTargetPlatformManager: Display: Loaded TargetPlatform 'Android_DXT'
[2024.09.23-06.45.19:284][  0]LogTargetPlatformManager: Display: Loaded TargetPlatform 'Android_ETC2'
[2024.09.23-06.45.19:284][  0]LogTargetPlatformManager: Display: Loaded TargetPlatform 'AndroidClient'
[2024.09.23-06.45.19:284][  0]LogTargetPlatformManager: Display: Loaded TargetPlatform 'Android_ASTCClient'
[2024.09.23-06.45.19:284][  0]LogTargetPlatformManager: Display: Loaded TargetPlatform 'Android_DXTClient'
[2024.09.23-06.45.19:284][  0]LogTargetPlatformManager: Display: Loaded TargetPlatform 'Android_ETC2Client'
[2024.09.23-06.45.19:284][  0]LogTargetPlatformManager: Display: Loaded TargetPlatform 'Android_Multi'
[2024.09.23-06.45.19:284][  0]LogTargetPlatformManager: Display: Loaded TargetPlatform 'Android_MultiClient'
[2024.09.23-06.45.19:297][  0]LogTargetPlatformManager: Display: Loaded TargetPlatform 'IOSClient'
[2024.09.23-06.45.19:297][  0]LogTargetPlatformManager: Display: Loaded TargetPlatform 'IOS'
[2024.09.23-06.45.19:303][  0]LogTargetPlatformManager: Display: Loaded TargetPlatform 'Linux'
[2024.09.23-06.45.19:307][  0]LogTargetPlatformManager: Display: Loaded TargetPlatform 'LinuxNoEditor'
[2024.09.23-06.45.19:310][  0]LogTargetPlatformManager: Display: Loaded TargetPlatform 'LinuxClient'
[2024.09.23-06.45.19:314][  0]LogTargetPlatformManager: Display: Loaded TargetPlatform 'LinuxServer'
[2024.09.23-06.45.19:320][  0]LogTargetPlatformManager: Display: Loaded TargetPlatform 'LinuxAArch64NoEditor'
[2024.09.23-06.45.19:323][  0]LogTargetPlatformManager: Display: Loaded TargetPlatform 'LinuxAArch64Client'
[2024.09.23-06.45.19:327][  0]LogTargetPlatformManager: Display: Loaded TargetPlatform 'LinuxAArch64Server'
[2024.09.23-06.45.19:343][  0]LogTargetPlatformManager: Display: Loaded TargetPlatform 'Lumin'
[2024.09.23-06.45.19:343][  0]LogTargetPlatformManager: Display: Loaded TargetPlatform 'LuminClient'
[2024.09.23-06.45.19:349][  0]LogTargetPlatformManager: Display: Loaded TargetPlatform 'MacNoEditor'
[2024.09.23-06.45.19:352][  0]LogTargetPlatformManager: Display: Loaded TargetPlatform 'Mac'
[2024.09.23-06.45.19:355][  0]LogTargetPlatformManager: Display: Loaded TargetPlatform 'MacClient'
[2024.09.23-06.45.19:359][  0]LogTargetPlatformManager: Display: Loaded TargetPlatform 'MacServer'
[2024.09.23-06.45.19:366][  0]LogTargetPlatformManager: Display: Loaded TargetPlatform 'TVOSClient'
[2024.09.23-06.45.19:366][  0]LogTargetPlatformManager: Display: Loaded TargetPlatform 'TVOS'
[2024.09.23-06.45.19:372][  0]LogTargetPlatformManager: Display: Loaded TargetPlatform 'WindowsNoEditor'
[2024.09.23-06.45.19:376][  0]LogTargetPlatformManager: Display: Loaded TargetPlatform 'Windows'
[2024.09.23-06.45.19:379][  0]LogTargetPlatformManager: Display: Loaded TargetPlatform 'WindowsClient'
[2024.09.23-06.45.19:382][  0]LogTargetPlatformManager: Display: Loaded TargetPlatform 'WindowsServer'
[2024.09.23-06.45.19:382][  0]LogTargetPlatformManager: Display: Building Assets For Windows
[2024.09.23-06.45.19:387][  0]LogAudioDebug: Display: Lib vorbis DLL was dynamically loaded.
[2024.09.23-06.45.19:408][  0]LogTextureFormatOodle: Display: Oodle Texture 2.9.0 init RDO Off
[2024.09.23-06.45.19:430][  0]LogRendererCore: Ray tracing is disabled. Reason: r.RayTracing=0.
[2024.09.23-06.45.19:430][  0]LogShaderCompilers: Guid format shader working directory is -21 characters bigger than the processId version (../../../../../../Users/z3ro_/Documents/Unreal Projects/Puzzle_Gen2/Intermediate/Shaders/WorkingDirectory/3432/).
[2024.09.23-06.45.19:430][  0]LogShaderCompilers: Cleaned the shader compiler working directory 'C:/Users/z3ro_/AppData/Local/Temp/UnrealShaderWorkingDir/8AE227414EC8971C3F77F8973A6B614C/'.
[2024.09.23-06.45.19:430][  0]LogXGEController: Cannot use XGE Controller as Incredibuild is not installed on this machine.
[2024.09.23-06.45.19:430][  0]LogShaderCompilers: Cannot use XGE Shader Compiler as Incredibuild is not installed on this machine.
[2024.09.23-06.45.19:430][  0]LogShaderCompilers: Display: Using Local Shader Compiler.
[2024.09.23-06.45.19:943][  0]LogDerivedDataCache: Display: Max Cache Size: 512 MB
[2024.09.23-06.45.19:989][  0]LogDerivedDataCache: Loaded boot cache 0.05s 94MB C:/Users/z3ro_/AppData/Local/UnrealEngine/4.27/DerivedDataCache/Boot.ddc.
[2024.09.23-06.45.19:989][  0]LogDerivedDataCache: Display: Loaded Boot cache: C:/Users/z3ro_/AppData/Local/UnrealEngine/4.27/DerivedDataCache/Boot.ddc
[2024.09.23-06.45.19:989][  0]LogDerivedDataCache: FDerivedDataBackendGraph:  Pak pak cache file ../../../../../../Users/z3ro_/Documents/Unreal Projects/Puzzle_Gen2/DerivedDataCache/DDC.ddp not found, will not use a pak cache.
[2024.09.23-06.45.19:989][  0]LogDerivedDataCache: Unable to find inner node Pak for hierarchical cache Hierarchy.
[2024.09.23-06.45.19:989][  0]LogDerivedDataCache: FDerivedDataBackendGraph:  CompressedPak pak cache file ../../../../../../Users/z3ro_/Documents/Unreal Projects/Puzzle_Gen2/DerivedDataCache/Compressed.ddp not found, will not use a pak cache.
[2024.09.23-06.45.19:989][  0]LogDerivedDataCache: Unable to find inner node CompressedPak for hierarchical cache Hierarchy.
[2024.09.23-06.45.20:001][  0]LogDerivedDataCache: Display: Pak cache opened for reading ../../../Engine/DerivedDataCache/Compressed.ddp.
[2024.09.23-06.45.20:002][  0]LogDerivedDataCache: FDerivedDataBackendGraph:  EnterprisePak pak cache file ../../../Enterprise/DerivedDataCache/Compressed.ddp not found, will not use a pak cache.
[2024.09.23-06.45.20:002][  0]LogDerivedDataCache: Unable to find inner node EnterprisePak for hierarchical cache Hierarchy.
[2024.09.23-06.45.20:005][  0]LogDerivedDataCache: Speed tests for C:/Users/z3ro_/AppData/Local/UnrealEngine/Common/DerivedDataCache took 0.00 seconds
[2024.09.23-06.45.20:005][  0]LogDerivedDataCache: Display: Performance to C:/Users/z3ro_/AppData/Local/UnrealEngine/Common/DerivedDataCache: Latency=0.01ms. RandomReadSpeed=2368.03MBs, RandomWriteSpeed=310.34MBs. Assigned SpeedClass 'Local'
[2024.09.23-06.45.20:007][  0]LogDerivedDataCache: Using Local data cache path C:/Users/z3ro_/AppData/Local/UnrealEngine/Common/DerivedDataCache: Writable
[2024.09.23-06.45.20:007][  0]LogDerivedDataCache: Shared data cache path not found in *engine.ini, will not use an Shared cache.
[2024.09.23-06.45.20:007][  0]LogDerivedDataCache: Unable to find inner node Shared for hierarchical cache Hierarchy.
[2024.09.23-06.45.20:036][  0]LogSlate: Using FreeType 2.10.0
[2024.09.23-06.45.20:037][  0]LogSlate: SlateFontServices - WITH_FREETYPE: 1, WITH_HARFBUZZ: 1
[2024.09.23-06.45.20:055][  0]LogAssetRegistry: FAssetRegistry took 0.0019 seconds to start up
[2024.09.23-06.45.20:196][  0]LogInit: Selected Device Profile: [Windows]
[2024.09.23-06.45.20:196][  0]LogInit: Active device profile: [0000025B55414B00][0000025B5347C100 49] Windows
[2024.09.23-06.45.20:196][  0]LogInit: Profiles: [0000025B55414B00][0000025B5347C100 49] Windows, [0000025B553D2100][0000025B53484280 49] WindowsNoEditor, [0000025B55415900][0000025B53488400 49] WindowsServer, [0000025B553D2E00][0000025B5348C580 49] WindowsClient, [0000025B55417C00][0000025B53490700 49] IOS, [0000025B553D0F00][0000025B53480840 49] iPadAir, [0000025B55417E00][0000025B53494980 49] iPadAir2, [0000025B55384E00][0000025B5349CBC0 49] IPadPro, [0000025B55384F00][0000025B53498C00 49] iPadAir3, [0000025B553D3B00][0000025B534A4D80 49] iPadAir4, [0000025B55387800][0000025B534A8F00 49] iPadMini2, [0000025B553D2F00][0000025B534AD080 49] iPadMini3, [0000025B55387A00][0000025B52CA1200 49] iPadMini4, [0000025B553D3800][0000025B52CA5380 49] iPadMini5, [0000025B5538C600][0000025B52CAD640 49] iPhone6, [0000025B5538C700][0000025B52CA9680 49] iPodTouch6, [0000025B55416800][0000025B52CB5940 49] iPhone7, [0000025B55416600][0000025B52CB1980 49] iPodTouch7, [0000025B5538C100][0000025B52CB9B00 49] iPhone5S, [0000025B55384700][0000025B52CBC100 49] iPhone6Plus, [0000025B5538E500][0000025B52CC0280 49] iPhone6S, [0000025B55385300][0000025B52CC4400 49] iPhone6SPlus, [0000025B5538FB00][0000025B52CC8580 49] iPhone7Plus, [0000025B55387700][0000025B52CCC700 49] iPhoneSE, [0000025B55416B00][0000025B52CD0880 49] iPhone8, [0000025B55384600][0000025B534A09C0 49] iPhone8Plus, [0000025B55416100][0000025B52CD4B00 49] iPhoneX, [0000025B55386900][0000025B52CD8C40 49] iPhoneXS, [0000025B55417700][0000025B52CDCD80 49] iPhoneXSMax, [0000025B55386F00][0000025B52CE4F00 49] iPhoneXR, [0000025B55417B00][0000025B52CE9080 49] iPhone11, [0000025B55385E00][0000025B52CED200 49] iPhone11Pro, [0000025B55414700][0000025B52CF1380 49] iPhone11ProMax, [0000025B55386000][0000025B52CF5500 49] iPhoneSE2, [0000025B55417A00][0000025B52CF9680 49] iPhone12Mini, [0000025B55386100][0000025B52CFD800 49] iPhone12, [0000025B55414600][0000025B52D01980 49] iPhone12Pro, [0000025B55387400][0000025B52D05B00 49] iPhone12ProMax, [0000025B55414800][0000025B52D08100 49] iPadPro105, [0000025B55385900][0000025B52D0C280 49] iPadPro129, [0000025B55417F00][0000025B52D10400 49] iPadPro97, [0000025B55387C00][0000025B52D14580 49] iPadPro2_129, [0000025B55417900][0000025B52D18700 49] iPad5, [0000025B55384300][0000025B52D1C880 49] iPad6, [0000025B55415B00][0000025B52D20A00 49] iPad7, [0000025B55387600][0000025B52CE0B40 49] iPad8, [0000025B55415600][0000025B52D24C80 49] iPadPro11, [0000025B55386D00][0000025B52D28DC0 49] iPadPro2_11, [0000025B55415A00][0000025B52D2CF00 49] iPadPro3_129, [0000025B55386E00][0000025B52D35080 49] iPadPro4_129, [0000025B55414500][0000025B52D39200 49] AppleTV, [0000025B55387000][0000025B52D3D380 49] AppleTV4K, [0000025B55415C00][0000025B52D41500 49] TVOS, [0000025B55384800][0000025B52D45680 49] Mac, [0000025B55416500][0000025B52D49800 49] MacClient, [0000025B55386C00][0000025B52D4D980 49] MacNoEditor, [0000025B55417500][0000025B52D51B00 49] MacServer, [0000025B55384A00][0000025B52D54100 49] Linux, [0000025B55414400][0000025B52D58280 49] LinuxAArch64, [0000025B55385A00][0000025B52D5C400 49] LinuxNoEditor, [0000025B55415D00][0000025B52D60580 49] LinuxAArch64NoEditor, [0000025B55386700][0000025B52D64700 49] LinuxClient, [0000025B55415400][0000025B52D68880 49] LinuxAArch64Client, [0000025B55386800][0000025B52D6CA00 49] LinuxServer, [0000025B55416F00][0000025B52D70B80 49] LinuxAArch64Server, [0000025B55385700][0000025B52D74D00 49] Android, [0000025B55417D00][0000025B52D30E40 49] Android_Low, [0000025B55384B00][0000025B52D78F80 49] Android_Mid, [0000025B55416200][0000025B52D7D0C0 49] Android_High, [0000025B55384C00][0000025B52D85240 49] Android_Default, [0000025B55415300][0000025B52D893C0 49] Android_Adreno4xx, [0000025B553D2300][0000025B52D8D540 49] Android_Adreno5xx_Low, [0000025B5538DC00][0000025B52D916C0 49] Android_Adreno5xx, [0000025B553D2600][0000025B52D95840 49] Android_Adreno6xx, [0000025B5538E000][0000025B52D999C0 49] Android_Adreno6xx_Vulkan, [0000025B553D0400][0000025B52D9DB40 49] Android_Mali_T6xx, [0000025B5538CF00][0000025B52DA0140 49] Android_Mali_T7xx, [0000025B553D1C00][0000025B52DA42C0 49] Android_Mali_T8xx, [0000025B5538DF00][0000025B52DA8440 49] Android_Mali_G71, [0000025B553D2800][0000025B52DAC5C0 49] Android_Mali_G72, [0000025B5538F300][0000025B52DB0740 49] Android_Mali_G72_Vulkan, [0000025B553D3E00][0000025B52DB48C0 49] Android_Mali_G76, [0000025B5538E200][0000025B52DB8A40 49] Android_Mali_G76_Vulkan, [0000025B553D1E00][0000025B52DBCBC0 49] Android_Mali_G77, [0000025B5538C900][0000025B52DC0D40 49] Android_Mali_G77_Vulkan, [0000025B553D3F00][0000025B52DC4EC0 49] Android_Mali_G78, [0000025B5538D300][0000025B52D81000 49] Android_Mali_G78_Vulkan, [0000025B553D3400][0000025B52DC9140 49] Android_Mali_G710, [0000025B5538FE00][0000025B52DCD280 49] Android_Mali_G710_Vulkan, [0000025B553D0700][0000025B52E413C0 49] Android_Vulkan_SM5, [0000025B5538FF00][0000025B52ED7540 49] Android_PowerVR_G6xxx, [0000025B553D1F00][0000025B50C216C0 49] Android_PowerVR_GT7xxx, [0000025B5538EB00][0000025B50DAD840 49] Android_PowerVR_GE8xxx, [0000025B553D3700][0000025B50DB19C0 49] Android_PowerVR_GM9xxx, [0000025B5538E800][0000025B50C95B40 49] Android_PowerVR_GM9xxx_Vulkan, [0000025B553D1500][0000025B52F78140 49] Android_TegraK1, [0000025B5538D700][0000025B52F7C2C0 49] Android_Unknown_Vulkan, [0000025B553D2C00][0000025B53030440 49] Lumin, [0000025B5538FD00][0000025B530345C0 49] Lumin_Desktop, [0000025B553D0E00][0000025B52554740 49] HoloLens, 
[2024.09.23-06.45.20:276][  0]LogMeshReduction: Using QuadricMeshReduction for automatic static mesh reduction
[2024.09.23-06.45.20:276][  0]LogMeshReduction: Using SimplygonMeshReduction for automatic skeletal mesh reduction
[2024.09.23-06.45.20:276][  0]LogMeshReduction: Using ProxyLODMeshReduction for automatic mesh merging
[2024.09.23-06.45.20:276][  0]LogMeshReduction: No distributed automatic mesh merging module available
[2024.09.23-06.45.20:276][  0]LogMeshMerging: No distributed automatic mesh merging module available
[2024.09.23-06.45.20:284][  0]LogNetVersion: Puzzle_Gen2 1.0.0, NetCL: 17155196, EngineNetVer: 17, GameNetVer: 0 (Checksum: 715456627)
[2024.09.23-06.45.20:532][  0]LogTexture: Default maximum texture size for cubemaps generated from long-lat sources has been changed from 512 to unlimited. In order to preserve old behaiour for '/Engine/MapTemplates/Sky/DaylightAmbientCubemap.DaylightAmbientCubemap', its maximum texture size has been explicitly set to 512.
[2024.09.23-06.45.20:572][  0]LogHMD: PokeAHoleMaterial loaded successfully
[2024.09.23-06.45.20:575][  0]LogUObjectArray: 17178 objects as part of root set at end of initial load.
[2024.09.23-06.45.20:575][  0]LogUObjectAllocator: 4302048 out of 0 bytes used by permanent object pool.
[2024.09.23-06.45.20:575][  0]LogUObjectArray: CloseDisregardForGC: 0/0 objects in disregard for GC pool
[2024.09.23-06.45.20:756][  0]LogNiagaraDebuggerClient: Niagara Debugger Client Initialized | Session: 9268B8AE4BEED4A29FF18B87FDAA16C3 | Instance: BC94085A42207ACB50A945AF3C926542 (Z3R0_774-3432).
[2024.09.23-06.45.20:784][  0]LogTcpMessaging: Initializing TcpMessaging bridge
[2024.09.23-06.45.20:788][  0]LogUdpMessaging: Initializing bridge on interface 0.0.0.0:0 to multicast group 230.0.0.1:6666.
[2024.09.23-06.45.20:881][  0]LogPython: Using Python 3.7.7
[2024.09.23-06.45.21:268][  0]SourceControl: Source control is disabled
[2024.09.23-06.45.21:268][  0]SourceControl: Source control is disabled
[2024.09.23-06.45.21:270][  0]SourceControl: Source control is disabled
[2024.09.23-06.45.21:278][  0]SourceControl: Source control is disabled
[2024.09.23-06.45.21:282][  0]LogUProjectInfo: Found projects:
[2024.09.23-06.45.21:749][  0]LogAndroidPermission: UAndroidPermissionCallbackProxy::GetInstance
[2024.09.23-06.45.21:768][  0]LogAudioCaptureCore: Display: No Audio Capture implementations found. Audio input will be silent.
[2024.09.23-06.45.21:768][  0]LogAudioCaptureCore: Display: No Audio Capture implementations found. Audio input will be silent.
[2024.09.23-06.45.21:874][  0]LogOpenImageDenoise: OIDN starting up
[2024.09.23-06.45.21:881][  0]LogCollectionManager: Loaded 0 collections in 0.001065 seconds
[2024.09.23-06.45.21:896][  0]LogFileCache: Scanning file cache for directory 'C:/Users/z3ro_/Documents/Unreal Projects/Puzzle_Gen2/Saved/Collections/' took 0.00s
[2024.09.23-06.45.21:896][  0]LogFileCache: Scanning file cache for directory 'C:/Users/z3ro_/Documents/Unreal Projects/Puzzle_Gen2/Content/Developers/z3ro/Collections/' took 0.00s
[2024.09.23-06.45.21:896][  0]LogFileCache: Scanning file cache for directory 'C:/Users/z3ro_/Documents/Unreal Projects/Puzzle_Gen2/Content/Collections/' took 0.00s
[2024.09.23-06.45.21:896][  0]LogOcInput: OculusInput pre-init called
[2024.09.23-06.45.22:060][  0]LogEngine: Initializing Engine...
[2024.09.23-06.45.22:110][  0]LogHMD: Failed to initialize OpenVR with code 108
[2024.09.23-06.45.22:117][  0]LogHMD: Optional extension XR_VARJO_quad_views is not available
[2024.09.23-06.45.22:117][  0]LogHMD: Warning: Required extension XR_EXT_eye_gaze_interaction is not available
[2024.09.23-06.45.22:117][  0]LogHMD: Could not enable all required OpenXR extensions for OpenXREyeTracker on current system. This plugin will be loaded but ignored, but will be enabled on a target platform that supports the required extension.
[2024.09.23-06.45.22:148][  0]LogHMD: Failed to get an OpenXR system, result is XR_ERROR_FORM_FACTOR_UNAVAILABLE. Please check that your runtime supports VR headsets.
[2024.09.23-06.45.22:149][  0]LogMagicLeap: Warning: VR disabled because ZI is not enabled.  To enable, in the editor, Edit -> Project Settings -> Plugins -> Magic Leap Plugin -> Enable Zero Iteration
[2024.09.23-06.45.22:149][  0]LogStats: UGameplayTagsManager::InitializeManager -  0.000 s
[2024.09.23-06.45.22:237][  0]LogInit: Initializing FReadOnlyCVARCache
[2024.09.23-06.45.22:242][  0]LogAIModule: Creating AISystem for world Untitled
[2024.09.23-06.45.22:243][  0]LogAudio: Display: Initializing Audio Device Manager...
[2024.09.23-06.45.22:245][  0]LogAudio: Display: Loading Default Audio Settings Objects...
[2024.09.23-06.45.22:245][  0]LogAudio: Display: No default SoundConcurrencyObject specified (or failed to load).
[2024.09.23-06.45.22:245][  0]LogAudio: Display: Audio Device Manager Initialized
[2024.09.23-06.45.22:245][  0]LogAudio: Display: Creating Audio Device:                 Id: 1, Scope: Shared, Realtime: True
[2024.09.23-06.45.22:245][  0]LogAudioMixer: Display: Audio Mixer Platform Settings:
[2024.09.23-06.45.22:245][  0]LogAudioMixer: Display: 	Sample Rate:						  48000
[2024.09.23-06.45.22:245][  0]LogAudioMixer: Display: 	Callback Buffer Frame Size Requested: 1024
[2024.09.23-06.45.22:245][  0]LogAudioMixer: Display: 	Callback Buffer Frame Size To Use:	  1024
[2024.09.23-06.45.22:245][  0]LogAudioMixer: Display: 	Number of buffers to queue:			  2
[2024.09.23-06.45.22:245][  0]LogAudioMixer: Display: 	Max Channels (voices):				  32
[2024.09.23-06.45.22:245][  0]LogAudioMixer: Display: 	Number of Async Source Workers:		  0
[2024.09.23-06.45.22:245][  0]LogAudio: Display: AudioDevice MaxSources: 32
[2024.09.23-06.45.22:246][  0]LogAudio: Display: Audio Spatialization Plugin: None (built-in).
[2024.09.23-06.45.22:246][  0]LogAudio: Display: Audio Reverb Plugin: None (built-in).
[2024.09.23-06.45.22:246][  0]LogAudio: Display: Audio Occlusion Plugin: None (built-in).
[2024.09.23-06.45.22:246][  0]LogAudioMixer: Display: Initializing audio mixer.
[2024.09.23-06.45.22:256][  0]LogAudioMixer: Display: 0: FrontLeft
[2024.09.23-06.45.22:256][  0]LogAudioMixer: Display: 1: FrontRight
[2024.09.23-06.45.22:263][  0]LogAudioMixer: Display: Using Audio Device Динамики (Realtek(R) Audio)
[2024.09.23-06.45.22:267][  0]LogAudioMixer: Display: Initializing Sound Submixes...
[2024.09.23-06.45.22:268][  0]LogAudioMixer: Display: Creating Master Submix 'MasterSubmixDefault'
[2024.09.23-06.45.22:268][  0]LogAudioMixer: Display: Creating Master Submix 'MasterReverbSubmixDefault'
[2024.09.23-06.45.22:269][  0]LogAudioMixer: Display: Creating Master Submix 'MasterEQSubmixDefault'
[2024.09.23-06.45.22:269][  0]LogAudioMixer: FMixerPlatformXAudio2::StartAudioStream() called
[2024.09.23-06.45.22:269][  0]LogAudioMixer: Display: Output buffers initialized: Frames=1024, Channels=2, Samples=2048
[2024.09.23-06.45.22:270][  0]LogAudioMixer: Display: Starting AudioMixerPlatformInterface::RunInternal()
[2024.09.23-06.45.22:270][  0]LogAudioMixer: Display: FMixerPlatformXAudio2::SubmitBuffer() called for the first time
[2024.09.23-06.45.22:270][  0]LogInit: FAudioDevice initialized.
[2024.09.23-06.45.22:270][  0]LogAudio: Display: Audio Device (ID: 1) registered with world 'Untitled'.
[2024.09.23-06.45.22:270][  0]LogNetVersion: Set ProjectVersion to 1.0.0.0. Version Checksum will be recalculated on next use.
[2024.09.23-06.45.22:328][  0]LogDerivedDataCache: Saved boot cache 0.06s 94MB C:/Users/z3ro_/AppData/Local/UnrealEngine/4.27/DerivedDataCache/Boot.ddc.
[2024.09.23-06.45.22:329][  0]LogInit: Texture streaming: Enabled
[2024.09.23-06.45.22:337][  0]LogAnalytics: Display: [UEEditor.Rocket.Release] APIServer = https://datarouter.ol.epicgames.com/. AppVersion = 4.27.2-18319896+++UE4+Release-4.27
[2024.09.23-06.45.22:339][  0]LogEngineSessionManager: EngineSessionManager initialized
[2024.09.23-06.45.22:339][  0]LogEditorSessionSummary: Verbose: Initializing EditorSessionSummaryWriter for editor session tracking
[2024.09.23-06.45.22:340][  0]LogEditorSessionSummary: EditorSessionSummaryWriter initialized
[2024.09.23-06.45.22:361][  0]LogInit: Transaction tracking system initialized
[2024.09.23-06.45.22:376][  0]BlueprintLog: New page: Editor Load
[2024.09.23-06.45.22:419][  0]LocalizationService: Localization service is disabled
[2024.09.23-06.45.22:439][  0]TimingProfiler: Initialize
[2024.09.23-06.45.22:439][  0]TimingProfiler: OnSessionChanged
[2024.09.23-06.45.22:439][  0]LoadingProfiler: Initialize
[2024.09.23-06.45.22:439][  0]LoadingProfiler: OnSessionChanged
[2024.09.23-06.45.22:439][  0]NetworkingProfiler: Initialize
[2024.09.23-06.45.22:439][  0]NetworkingProfiler: OnSessionChanged
[2024.09.23-06.45.22:439][  0]MemoryProfiler: Initialize
[2024.09.23-06.45.22:439][  0]MemoryProfiler: OnSessionChanged
[2024.09.23-06.45.22:541][  0]LogCook: Display: CookSettings for Memory: MemoryMaxUsedVirtual 0MiB, MemoryMaxUsedPhysical 16384MiB, MemoryMinFreeVirtual 0MiB, MemoryMinFreePhysical 1024MiB
[2024.09.23-06.45.22:541][  0]LogCook: Display: Mobile HDR setting 1
[2024.09.23-06.45.22:665][  0]LogFileCache: Scanning file cache for directory 'C:/Users/z3ro_/Documents/Unreal Projects/Puzzle_Gen2/Content/' took 0.01s
[2024.09.23-06.45.22:792][  0]LogInit: Display: Engine is initialized. Leaving FEngineLoop::Init()
[2024.09.23-06.45.22:793][  0]LogUnrealEdMisc: Loading editor; pre map load, took 4.804
[2024.09.23-06.45.22:793][  0]Cmd: MAP LOAD FILE="../../../../../../Users/z3ro_/Documents/Unreal Projects/Puzzle_Gen2/Content/MyLevels/MainMenu.umap" TEMPLATE=0 SHOWPROGRESS=1 FEATURELEVEL=3
[2024.09.23-06.45.22:798][  0]LightingResults: New page: Lighting Build
[2024.09.23-06.45.22:799][  0]LogWorld: UWorld::CleanupWorld for Untitled, bSessionEnded=true, bCleanupResources=true
[2024.09.23-06.45.22:799][  0]LogSlate: InvalidateAllWidgets triggered.  All widgets were invalidated
[2024.09.23-06.45.22:799][  0]MapCheck: New page: Map Check
[2024.09.23-06.45.22:799][  0]LightingResults: New page: Lighting Build
[2024.09.23-06.45.22:802][  0]LogAudio: Display: Audio Device unregistered from world 'None'.
[2024.09.23-06.45.22:804][  0]LogUObjectHash: Compacting FUObjectHashTables data took   0.49ms
[2024.09.23-06.45.22:827][  0]LogAudio: Display: Audio Device (ID: 1) registered with world 'MainMenu'.
[2024.09.23-06.45.22:827][  0]LogAIModule: Creating AISystem for world MainMenu
[2024.09.23-06.45.22:828][  0]LogEditorServer: Finished looking for orphan Actors (0.000 secs)
[2024.09.23-06.45.22:832][  0]LogUObjectHash: Compacting FUObjectHashTables data took   0.48ms
[2024.09.23-06.45.22:832][  0]Cmd: MAP CHECKDEP NOCLEARLOG
[2024.09.23-06.45.22:833][  0]MapCheck: Map check complete: 0 Error(s), 0 Warning(s), took 0,109ms to complete.
[2024.09.23-06.45.22:833][  0]LogFileHelpers: Loading map 'MainMenu' took 0.039
[2024.09.23-06.45.22:834][  0]LogUnrealEdMisc: Total Editor Startup Time, took 4.845
[2024.09.23-06.45.23:092][  0]LogSlate: Only BGRA pngs, bmps or icos are supported in by External Image Picker
[2024.09.23-06.45.23:140][  0]LogSlate: Updating window title bar state: overlay mode, drag disabled, window buttons hidden, title bar hidden
[2024.09.23-06.45.23:143][  0]LogSlate: Updating window title bar state: overlay mode, drag disabled, window buttons hidden, title bar hidden
[2024.09.23-06.45.23:149][  0]LogSlate: Updating window title bar state: overlay mode, drag disabled, window buttons hidden, title bar hidden
[2024.09.23-06.45.23:153][  0]LogSlate: Updating window title bar state: overlay mode, drag disabled, window buttons hidden, title bar hidden
[2024.09.23-06.45.23:162][  0]LogNativeClassHierarchy: Verbose: Native class hierarchy populated in 0.0066 seconds. Added 3822 classes and 928 folders.
[2024.09.23-06.45.23:164][  0]LogNativeClassHierarchy: Verbose: Native class hierarchy updated for 'WidgetCarousel' in 0.0002 seconds. Added 0 classes and 0 folders.
[2024.09.23-06.45.23:165][  0]LogPakFile: PakFile PrimaryIndexSize=187
[2024.09.23-06.45.23:165][  0]LogPakFile: PakFile PathHashIndexSize=101
[2024.09.23-06.45.23:165][  0]LogPakFile: PakFile FullDirectoryIndexSize=148
[2024.09.23-06.45.23:165][  0]LogShaderLibrary: Display: ShaderCodeLibraryPakFileMountedCallback: PakFile 'C:/BT/Unreal Engine/UE_4.27/FeaturePacks/FP_FirstPerson.upack' (chunk index -1, root 'root:/') mounted
[2024.09.23-06.45.23:165][  0]LogShaderLibrary: Display: ShaderCodeLibraryPakFileMountedCallback: pending pak file info (ChunkID:-1 Root:root:/ File:C:/BT/Unreal Engine/UE_4.27/FeaturePacks/FP_FirstPerson.upack)
[2024.09.23-06.45.23:166][  0]LogPakFile: OnPakFileMounted2Time == 0.000039
[2024.09.23-06.45.23:166][  0]LogPakFile: PakFile PrimaryIndexSize=189
[2024.09.23-06.45.23:166][  0]LogPakFile: PakFile PathHashIndexSize=101
[2024.09.23-06.45.23:166][  0]LogPakFile: PakFile FullDirectoryIndexSize=152
[2024.09.23-06.45.23:166][  0]LogShaderLibrary: Display: ShaderCodeLibraryPakFileMountedCallback: PakFile 'C:/BT/Unreal Engine/UE_4.27/FeaturePacks/FP_FirstPersonBP.upack' (chunk index -1, root 'root:/') mounted
[2024.09.23-06.45.23:166][  0]LogShaderLibrary: Display: ShaderCodeLibraryPakFileMountedCallback: pending pak file info (ChunkID:-1 Root:root:/ File:C:/BT/Unreal Engine/UE_4.27/FeaturePacks/FP_FirstPersonBP.upack)
[2024.09.23-06.45.23:166][  0]LogPakFile: OnPakFileMounted2Time == 0.000029
[2024.09.23-06.45.23:166][  0]LogPakFile: PakFile PrimaryIndexSize=191
[2024.09.23-06.45.23:166][  0]LogPakFile: PakFile PathHashIndexSize=101
[2024.09.23-06.45.23:166][  0]LogPakFile: PakFile FullDirectoryIndexSize=160
[2024.09.23-06.45.23:166][  0]LogShaderLibrary: Display: ShaderCodeLibraryPakFileMountedCallback: PakFile 'C:/BT/Unreal Engine/UE_4.27/FeaturePacks/MobileStarterContent.upack' (chunk index -1, root 'root:/') mounted
[2024.09.23-06.45.23:166][  0]LogShaderLibrary: Display: ShaderCodeLibraryPakFileMountedCallback: pending pak file info (ChunkID:-1 Root:root:/ File:C:/BT/Unreal Engine/UE_4.27/FeaturePacks/MobileStarterContent.upack)
[2024.09.23-06.45.23:166][  0]LogPakFile: OnPakFileMounted2Time == 0.000021
[2024.09.23-06.45.23:166][  0]LogPakFile: PakFile PrimaryIndexSize=185
[2024.09.23-06.45.23:166][  0]LogPakFile: PakFile PathHashIndexSize=101
[2024.09.23-06.45.23:166][  0]LogPakFile: PakFile FullDirectoryIndexSize=148
[2024.09.23-06.45.23:166][  0]LogShaderLibrary: Display: ShaderCodeLibraryPakFileMountedCallback: PakFile 'C:/BT/Unreal Engine/UE_4.27/FeaturePacks/StarterContent.upack' (chunk index -1, root 'root:/') mounted
[2024.09.23-06.45.23:166][  0]LogShaderLibrary: Display: ShaderCodeLibraryPakFileMountedCallback: pending pak file info (ChunkID:-1 Root:root:/ File:C:/BT/Unreal Engine/UE_4.27/FeaturePacks/StarterContent.upack)
[2024.09.23-06.45.23:166][  0]LogPakFile: OnPakFileMounted2Time == 0.000019
[2024.09.23-06.45.23:167][  0]LogPakFile: PakFile PrimaryIndexSize=190
[2024.09.23-06.45.23:167][  0]LogPakFile: PakFile PathHashIndexSize=101
[2024.09.23-06.45.23:167][  0]LogPakFile: PakFile FullDirectoryIndexSize=154
[2024.09.23-06.45.23:167][  0]LogShaderLibrary: Display: ShaderCodeLibraryPakFileMountedCallback: PakFile 'C:/BT/Unreal Engine/UE_4.27/FeaturePacks/TP_2DSideScroller.upack' (chunk index -1, root 'root:/') mounted
[2024.09.23-06.45.23:167][  0]LogShaderLibrary: Display: ShaderCodeLibraryPakFileMountedCallback: pending pak file info (ChunkID:-1 Root:root:/ File:C:/BT/Unreal Engine/UE_4.27/FeaturePacks/TP_2DSideScroller.upack)
[2024.09.23-06.45.23:167][  0]LogPakFile: OnPakFileMounted2Time == 0.000020
[2024.09.23-06.45.23:167][  0]LogPakFile: PakFile PrimaryIndexSize=192
[2024.09.23-06.45.23:167][  0]LogPakFile: PakFile PathHashIndexSize=101
[2024.09.23-06.45.23:167][  0]LogPakFile: PakFile FullDirectoryIndexSize=158
[2024.09.23-06.45.23:167][  0]LogShaderLibrary: Display: ShaderCodeLibraryPakFileMountedCallback: PakFile 'C:/BT/Unreal Engine/UE_4.27/FeaturePacks/TP_2DSideScrollerBP.upack' (chunk index -1, root 'root:/') mounted
[2024.09.23-06.45.23:167][  0]LogShaderLibrary: Display: ShaderCodeLibraryPakFileMountedCallback: pending pak file info (ChunkID:-1 Root:root:/ File:C:/BT/Unreal Engine/UE_4.27/FeaturePacks/TP_2DSideScrollerBP.upack)
[2024.09.23-06.45.23:167][  0]LogPakFile: OnPakFileMounted2Time == 0.000017
[2024.09.23-06.45.23:167][  0]LogPakFile: PakFile PrimaryIndexSize=182
[2024.09.23-06.45.23:167][  0]LogPakFile: PakFile PathHashIndexSize=101
[2024.09.23-06.45.23:167][  0]LogPakFile: PakFile FullDirectoryIndexSize=138
[2024.09.23-06.45.23:167][  0]LogShaderLibrary: Display: ShaderCodeLibraryPakFileMountedCallback: PakFile 'C:/BT/Unreal Engine/UE_4.27/FeaturePacks/TP_Flying.upack' (chunk index -1, root 'root:/') mounted
[2024.09.23-06.45.23:167][  0]LogShaderLibrary: Display: ShaderCodeLibraryPakFileMountedCallback: pending pak file info (ChunkID:-1 Root:root:/ File:C:/BT/Unreal Engine/UE_4.27/FeaturePacks/TP_Flying.upack)
[2024.09.23-06.45.23:167][  0]LogPakFile: OnPakFileMounted2Time == 0.000018
[2024.09.23-06.45.23:167][  0]LogPakFile: PakFile PrimaryIndexSize=184
[2024.09.23-06.45.23:167][  0]LogPakFile: PakFile PathHashIndexSize=101
[2024.09.23-06.45.23:167][  0]LogPakFile: PakFile FullDirectoryIndexSize=142
[2024.09.23-06.45.23:167][  0]LogShaderLibrary: Display: ShaderCodeLibraryPakFileMountedCallback: PakFile 'C:/BT/Unreal Engine/UE_4.27/FeaturePacks/TP_FlyingBP.upack' (chunk index -1, root 'root:/') mounted
[2024.09.23-06.45.23:167][  0]LogShaderLibrary: Display: ShaderCodeLibraryPakFileMountedCallback: pending pak file info (ChunkID:-1 Root:root:/ File:C:/BT/Unreal Engine/UE_4.27/FeaturePacks/TP_FlyingBP.upack)
[2024.09.23-06.45.23:168][  0]LogPakFile: OnPakFileMounted2Time == 0.000017
[2024.09.23-06.45.23:168][  0]LogPakFile: PakFile PrimaryIndexSize=188
[2024.09.23-06.45.23:168][  0]LogPakFile: PakFile PathHashIndexSize=101
[2024.09.23-06.45.23:168][  0]LogPakFile: PakFile FullDirectoryIndexSize=150
[2024.09.23-06.45.23:168][  0]LogShaderLibrary: Display: ShaderCodeLibraryPakFileMountedCallback: PakFile 'C:/BT/Unreal Engine/UE_4.27/FeaturePacks/TP_HandheldARBP.upack' (chunk index -1, root 'root:/') mounted
[2024.09.23-06.45.23:168][  0]LogShaderLibrary: Display: ShaderCodeLibraryPakFileMountedCallback: pending pak file info (ChunkID:-1 Root:root:/ File:C:/BT/Unreal Engine/UE_4.27/FeaturePacks/TP_HandheldARBP.upack)
[2024.09.23-06.45.23:168][  0]LogPakFile: OnPakFileMounted2Time == 0.000017
[2024.09.23-06.45.23:168][  0]LogPakFile: PakFile PrimaryIndexSize=182
[2024.09.23-06.45.23:168][  0]LogPakFile: PakFile PathHashIndexSize=101
[2024.09.23-06.45.23:168][  0]LogPakFile: PakFile FullDirectoryIndexSize=138
[2024.09.23-06.45.23:168][  0]LogShaderLibrary: Display: ShaderCodeLibraryPakFileMountedCallback: PakFile 'C:/BT/Unreal Engine/UE_4.27/FeaturePacks/TP_Puzzle.upack' (chunk index -1, root 'root:/') mounted
[2024.09.23-06.45.23:168][  0]LogShaderLibrary: Display: ShaderCodeLibraryPakFileMountedCallback: pending pak file info (ChunkID:-1 Root:root:/ File:C:/BT/Unreal Engine/UE_4.27/FeaturePacks/TP_Puzzle.upack)
[2024.09.23-06.45.23:168][  0]LogPakFile: OnPakFileMounted2Time == 0.000018
[2024.09.23-06.45.23:168][  0]LogPakFile: PakFile PrimaryIndexSize=184
[2024.09.23-06.45.23:168][  0]LogPakFile: PakFile PathHashIndexSize=101
[2024.09.23-06.45.23:168][  0]LogPakFile: PakFile FullDirectoryIndexSize=142
[2024.09.23-06.45.23:168][  0]LogShaderLibrary: Display: ShaderCodeLibraryPakFileMountedCallback: PakFile 'C:/BT/Unreal Engine/UE_4.27/FeaturePacks/TP_PuzzleBP.upack' (chunk index -1, root 'root:/') mounted
[2024.09.23-06.45.23:168][  0]LogShaderLibrary: Display: ShaderCodeLibraryPakFileMountedCallback: pending pak file info (ChunkID:-1 Root:root:/ File:C:/BT/Unreal Engine/UE_4.27/FeaturePacks/TP_PuzzleBP.upack)
[2024.09.23-06.45.23:168][  0]LogPakFile: OnPakFileMounted2Time == 0.000017
[2024.09.23-06.45.23:169][  0]LogPakFile: PakFile PrimaryIndexSize=183
[2024.09.23-06.45.23:169][  0]LogPakFile: PakFile PathHashIndexSize=101
[2024.09.23-06.45.23:169][  0]LogPakFile: PakFile FullDirectoryIndexSize=140
[2024.09.23-06.45.23:169][  0]LogShaderLibrary: Display: ShaderCodeLibraryPakFileMountedCallback: PakFile 'C:/BT/Unreal Engine/UE_4.27/FeaturePacks/TP_Rolling.upack' (chunk index -1, root 'root:/') mounted
[2024.09.23-06.45.23:169][  0]LogShaderLibrary: Display: ShaderCodeLibraryPakFileMountedCallback: pending pak file info (ChunkID:-1 Root:root:/ File:C:/BT/Unreal Engine/UE_4.27/FeaturePacks/TP_Rolling.upack)
[2024.09.23-06.45.23:169][  0]LogPakFile: OnPakFileMounted2Time == 0.000018
[2024.09.23-06.45.23:169][  0]LogPakFile: PakFile PrimaryIndexSize=185
[2024.09.23-06.45.23:169][  0]LogPakFile: PakFile PathHashIndexSize=101
[2024.09.23-06.45.23:169][  0]LogPakFile: PakFile FullDirectoryIndexSize=144
[2024.09.23-06.45.23:169][  0]LogShaderLibrary: Display: ShaderCodeLibraryPakFileMountedCallback: PakFile 'C:/BT/Unreal Engine/UE_4.27/FeaturePacks/TP_RollingBP.upack' (chunk index -1, root 'root:/') mounted
[2024.09.23-06.45.23:169][  0]LogShaderLibrary: Display: ShaderCodeLibraryPakFileMountedCallback: pending pak file info (ChunkID:-1 Root:root:/ File:C:/BT/Unreal Engine/UE_4.27/FeaturePacks/TP_RollingBP.upack)
[2024.09.23-06.45.23:169][  0]LogPakFile: OnPakFileMounted2Time == 0.000018
[2024.09.23-06.45.23:169][  0]LogPakFile: PakFile PrimaryIndexSize=188
[2024.09.23-06.45.23:169][  0]LogPakFile: PakFile PathHashIndexSize=101
[2024.09.23-06.45.23:169][  0]LogPakFile: PakFile FullDirectoryIndexSize=150
[2024.09.23-06.45.23:169][  0]LogShaderLibrary: Display: ShaderCodeLibraryPakFileMountedCallback: PakFile 'C:/BT/Unreal Engine/UE_4.27/FeaturePacks/TP_SideScroller.upack' (chunk index -1, root 'root:/') mounted
[2024.09.23-06.45.23:169][  0]LogShaderLibrary: Display: ShaderCodeLibraryPakFileMountedCallback: pending pak file info (ChunkID:-1 Root:root:/ File:C:/BT/Unreal Engine/UE_4.27/FeaturePacks/TP_SideScroller.upack)
[2024.09.23-06.45.23:169][  0]LogPakFile: OnPakFileMounted2Time == 0.000018
[2024.09.23-06.45.23:169][  0]LogPakFile: PakFile PrimaryIndexSize=190
[2024.09.23-06.45.23:169][  0]LogPakFile: PakFile PathHashIndexSize=101
[2024.09.23-06.45.23:169][  0]LogPakFile: PakFile FullDirectoryIndexSize=154
[2024.09.23-06.45.23:169][  0]LogShaderLibrary: Display: ShaderCodeLibraryPakFileMountedCallback: PakFile 'C:/BT/Unreal Engine/UE_4.27/FeaturePacks/TP_SideScrollerBP.upack' (chunk index -1, root 'root:/') mounted
[2024.09.23-06.45.23:169][  0]LogShaderLibrary: Display: ShaderCodeLibraryPakFileMountedCallback: pending pak file info (ChunkID:-1 Root:root:/ File:C:/BT/Unreal Engine/UE_4.27/FeaturePacks/TP_SideScrollerBP.upack)
[2024.09.23-06.45.23:169][  0]LogPakFile: OnPakFileMounted2Time == 0.000020
[2024.09.23-06.45.23:170][  0]LogPakFile: PakFile PrimaryIndexSize=187
[2024.09.23-06.45.23:170][  0]LogPakFile: PakFile PathHashIndexSize=101
[2024.09.23-06.45.23:170][  0]LogPakFile: PakFile FullDirectoryIndexSize=148
[2024.09.23-06.45.23:170][  0]LogShaderLibrary: Display: ShaderCodeLibraryPakFileMountedCallback: PakFile 'C:/BT/Unreal Engine/UE_4.27/FeaturePacks/TP_ThirdPerson.upack' (chunk index -1, root 'root:/') mounted
[2024.09.23-06.45.23:170][  0]LogShaderLibrary: Display: ShaderCodeLibraryPakFileMountedCallback: pending pak file info (ChunkID:-1 Root:root:/ File:C:/BT/Unreal Engine/UE_4.27/FeaturePacks/TP_ThirdPerson.upack)
[2024.09.23-06.45.23:170][  0]LogPakFile: OnPakFileMounted2Time == 0.000018
[2024.09.23-06.45.23:170][  0]LogPakFile: PakFile PrimaryIndexSize=189
[2024.09.23-06.45.23:170][  0]LogPakFile: PakFile PathHashIndexSize=101
[2024.09.23-06.45.23:170][  0]LogPakFile: PakFile FullDirectoryIndexSize=152
[2024.09.23-06.45.23:170][  0]LogShaderLibrary: Display: ShaderCodeLibraryPakFileMountedCallback: PakFile 'C:/BT/Unreal Engine/UE_4.27/FeaturePacks/TP_ThirdPersonBP.upack' (chunk index -1, root 'root:/') mounted
[2024.09.23-06.45.23:170][  0]LogShaderLibrary: Display: ShaderCodeLibraryPakFileMountedCallback: pending pak file info (ChunkID:-1 Root:root:/ File:C:/BT/Unreal Engine/UE_4.27/FeaturePacks/TP_ThirdPersonBP.upack)
[2024.09.23-06.45.23:170][  0]LogPakFile: OnPakFileMounted2Time == 0.000029
[2024.09.23-06.45.23:170][  0]LogPakFile: PakFile PrimaryIndexSize=183
[2024.09.23-06.45.23:170][  0]LogPakFile: PakFile PathHashIndexSize=101
[2024.09.23-06.45.23:170][  0]LogPakFile: PakFile FullDirectoryIndexSize=140
[2024.09.23-06.45.23:170][  0]LogShaderLibrary: Display: ShaderCodeLibraryPakFileMountedCallback: PakFile 'C:/BT/Unreal Engine/UE_4.27/FeaturePacks/TP_TopDown.upack' (chunk index -1, root 'root:/') mounted
[2024.09.23-06.45.23:170][  0]LogShaderLibrary: Display: ShaderCodeLibraryPakFileMountedCallback: pending pak file info (ChunkID:-1 Root:root:/ File:C:/BT/Unreal Engine/UE_4.27/FeaturePacks/TP_TopDown.upack)
[2024.09.23-06.45.23:170][  0]LogPakFile: OnPakFileMounted2Time == 0.000034
[2024.09.23-06.45.23:171][  0]LogPakFile: PakFile PrimaryIndexSize=185
[2024.09.23-06.45.23:171][  0]LogPakFile: PakFile PathHashIndexSize=101
[2024.09.23-06.45.23:171][  0]LogPakFile: PakFile FullDirectoryIndexSize=144
[2024.09.23-06.45.23:171][  0]LogShaderLibrary: Display: ShaderCodeLibraryPakFileMountedCallback: PakFile 'C:/BT/Unreal Engine/UE_4.27/FeaturePacks/TP_TopDownBP.upack' (chunk index -1, root 'root:/') mounted
[2024.09.23-06.45.23:171][  0]LogShaderLibrary: Display: ShaderCodeLibraryPakFileMountedCallback: pending pak file info (ChunkID:-1 Root:root:/ File:C:/BT/Unreal Engine/UE_4.27/FeaturePacks/TP_TopDownBP.upack)
[2024.09.23-06.45.23:171][  0]LogPakFile: OnPakFileMounted2Time == 0.000017
[2024.09.23-06.45.23:171][  0]LogPakFile: PakFile PrimaryIndexSize=185
[2024.09.23-06.45.23:171][  0]LogPakFile: PakFile PathHashIndexSize=101
[2024.09.23-06.45.23:171][  0]LogPakFile: PakFile FullDirectoryIndexSize=144
[2024.09.23-06.45.23:171][  0]LogShaderLibrary: Display: ShaderCodeLibraryPakFileMountedCallback: PakFile 'C:/BT/Unreal Engine/UE_4.27/FeaturePacks/TP_TwinStick.upack' (chunk index -1, root 'root:/') mounted
[2024.09.23-06.45.23:171][  0]LogShaderLibrary: Display: ShaderCodeLibraryPakFileMountedCallback: pending pak file info (ChunkID:-1 Root:root:/ File:C:/BT/Unreal Engine/UE_4.27/FeaturePacks/TP_TwinStick.upack)
[2024.09.23-06.45.23:171][  0]LogPakFile: OnPakFileMounted2Time == 0.000017
[2024.09.23-06.45.23:171][  0]LogPakFile: PakFile PrimaryIndexSize=187
[2024.09.23-06.45.23:171][  0]LogPakFile: PakFile PathHashIndexSize=101
[2024.09.23-06.45.23:171][  0]LogPakFile: PakFile FullDirectoryIndexSize=148
[2024.09.23-06.45.23:171][  0]LogShaderLibrary: Display: ShaderCodeLibraryPakFileMountedCallback: PakFile 'C:/BT/Unreal Engine/UE_4.27/FeaturePacks/TP_TwinStickBP.upack' (chunk index -1, root 'root:/') mounted
[2024.09.23-06.45.23:171][  0]LogShaderLibrary: Display: ShaderCodeLibraryPakFileMountedCallback: pending pak file info (ChunkID:-1 Root:root:/ File:C:/BT/Unreal Engine/UE_4.27/FeaturePacks/TP_TwinStickBP.upack)
[2024.09.23-06.45.23:171][  0]LogPakFile: OnPakFileMounted2Time == 0.000019
[2024.09.23-06.45.23:171][  0]LogPakFile: PakFile PrimaryIndexSize=183
[2024.09.23-06.45.23:171][  0]LogPakFile: PakFile PathHashIndexSize=101
[2024.09.23-06.45.23:171][  0]LogPakFile: PakFile FullDirectoryIndexSize=140
[2024.09.23-06.45.23:171][  0]LogShaderLibrary: Display: ShaderCodeLibraryPakFileMountedCallback: PakFile 'C:/BT/Unreal Engine/UE_4.27/FeaturePacks/TP_Vehicle.upack' (chunk index -1, root 'root:/') mounted
[2024.09.23-06.45.23:171][  0]LogShaderLibrary: Display: ShaderCodeLibraryPakFileMountedCallback: pending pak file info (ChunkID:-1 Root:root:/ File:C:/BT/Unreal Engine/UE_4.27/FeaturePacks/TP_Vehicle.upack)
[2024.09.23-06.45.23:172][  0]LogPakFile: OnPakFileMounted2Time == 0.000018
[2024.09.23-06.45.23:172][  0]LogPakFile: PakFile PrimaryIndexSize=186
[2024.09.23-06.45.23:172][  0]LogPakFile: PakFile PathHashIndexSize=101
[2024.09.23-06.45.23:172][  0]LogPakFile: PakFile FullDirectoryIndexSize=146
[2024.09.23-06.45.23:172][  0]LogShaderLibrary: Display: ShaderCodeLibraryPakFileMountedCallback: PakFile 'C:/BT/Unreal Engine/UE_4.27/FeaturePacks/TP_VehicleAdv.upack' (chunk index -1, root 'root:/') mounted
[2024.09.23-06.45.23:172][  0]LogShaderLibrary: Display: ShaderCodeLibraryPakFileMountedCallback: pending pak file info (ChunkID:-1 Root:root:/ File:C:/BT/Unreal Engine/UE_4.27/FeaturePacks/TP_VehicleAdv.upack)
[2024.09.23-06.45.23:172][  0]LogPakFile: OnPakFileMounted2Time == 0.000020
[2024.09.23-06.45.23:172][  0]LogPakFile: PakFile PrimaryIndexSize=188
[2024.09.23-06.45.23:172][  0]LogPakFile: PakFile PathHashIndexSize=101
[2024.09.23-06.45.23:172][  0]LogPakFile: PakFile FullDirectoryIndexSize=150
[2024.09.23-06.45.23:172][  0]LogShaderLibrary: Display: ShaderCodeLibraryPakFileMountedCallback: PakFile 'C:/BT/Unreal Engine/UE_4.27/FeaturePacks/TP_VehicleAdvBP.upack' (chunk index -1, root 'root:/') mounted
[2024.09.23-06.45.23:172][  0]LogShaderLibrary: Display: ShaderCodeLibraryPakFileMountedCallback: pending pak file info (ChunkID:-1 Root:root:/ File:C:/BT/Unreal Engine/UE_4.27/FeaturePacks/TP_VehicleAdvBP.upack)
[2024.09.23-06.45.23:172][  0]LogPakFile: OnPakFileMounted2Time == 0.000018
[2024.09.23-06.45.23:172][  0]LogPakFile: PakFile PrimaryIndexSize=185
[2024.09.23-06.45.23:172][  0]LogPakFile: PakFile PathHashIndexSize=101
[2024.09.23-06.45.23:172][  0]LogPakFile: PakFile FullDirectoryIndexSize=144
[2024.09.23-06.45.23:172][  0]LogShaderLibrary: Display: ShaderCodeLibraryPakFileMountedCallback: PakFile 'C:/BT/Unreal Engine/UE_4.27/FeaturePacks/TP_VehicleBP.upack' (chunk index -1, root 'root:/') mounted
[2024.09.23-06.45.23:172][  0]LogShaderLibrary: Display: ShaderCodeLibraryPakFileMountedCallback: pending pak file info (ChunkID:-1 Root:root:/ File:C:/BT/Unreal Engine/UE_4.27/FeaturePacks/TP_VehicleBP.upack)
[2024.09.23-06.45.23:172][  0]LogPakFile: OnPakFileMounted2Time == 0.000017
[2024.09.23-06.45.23:173][  0]LogPakFile: PakFile PrimaryIndexSize=192
[2024.09.23-06.45.23:173][  0]LogPakFile: PakFile PathHashIndexSize=101
[2024.09.23-06.45.23:173][  0]LogPakFile: PakFile FullDirectoryIndexSize=158
[2024.09.23-06.45.23:173][  0]LogShaderLibrary: Display: ShaderCodeLibraryPakFileMountedCallback: PakFile 'C:/BT/Unreal Engine/UE_4.27/FeaturePacks/TP_VirtualRealityBP.upack' (chunk index -1, root 'root:/') mounted
[2024.09.23-06.45.23:173][  0]LogShaderLibrary: Display: ShaderCodeLibraryPakFileMountedCallback: pending pak file info (ChunkID:-1 Root:root:/ File:C:/BT/Unreal Engine/UE_4.27/FeaturePacks/TP_VirtualRealityBP.upack)
[2024.09.23-06.45.23:173][  0]LogPakFile: OnPakFileMounted2Time == 0.000018
[2024.09.23-06.45.23:195][  0]LogNativeClassHierarchy: Verbose: Native class hierarchy updated for 'AddContentDialog' in 0.0002 seconds. Added 0 classes and 0 folders.
[2024.09.23-06.45.23:196][  0]LogNativeClassHierarchy: Verbose: Native class hierarchy updated for 'SceneOutliner' in 0.0002 seconds. Added 2 classes and 0 folders.
[2024.09.23-06.45.23:248][  0]LogSlate: Took 0.000211 seconds to synchronously load lazily loaded font '../../../Engine/Content/Slate/Fonts/Roboto-Regular.ttf' (155K)
[2024.09.23-06.45.23:249][  0]LogSlate: Took 0.000172 seconds to synchronously load lazily loaded font '../../../Engine/Content/Editor/Slate/Fonts/FontAwesome.ttf' (139K)
[2024.09.23-06.45.23:251][  0]LogSlate: Took 0.000167 seconds to synchronously load lazily loaded font '../../../Engine/Content/Slate/Fonts/Roboto-Bold.ttf' (160K)
[2024.09.23-06.45.23:303][  0]LogRenderer: Reallocating scene render targets to support 992x440 Format 10 NumSamples 1 (Frame:1).
[2024.09.23-06.45.23:392][  0]LogNativeClassHierarchy: Verbose: Native class hierarchy updated for 'HierarchicalLODOutliner' in 0.0002 seconds. Added 0 classes and 0 folders.
[2024.09.23-06.45.23:393][  0]LogInput: Warning: Action TriggerClick uses invalid key OculusGo_Left_Trigger_Click.
[2024.09.23-06.45.23:393][  0]LogInput: Warning: Action ResetVR uses invalid key OculusGo_Left_Back_Click.
[2024.09.23-06.45.23:393][  0]LogInput: Warning: Use -RemoveInvalidKeys to remove instances of these keys from the action mapping.
[2024.09.23-06.45.23:393][  0]LogLoad: (Engine Initialization) Total time: 5.40 seconds
[2024.09.23-06.45.23:393][  0]LogLoad: (Engine Initialization) Total Blueprint compile time: 0.00 seconds
[2024.09.23-06.45.23:440][  0]LogAssetRegistry: Asset discovery search completed in 3.3861 seconds
[2024.09.23-06.45.23:443][  0]LogCollectionManager: Fixed up redirectors for 0 collections in 0.000003 seconds (updated 0 objects)
[2024.09.23-06.45.23:445][  0]LogContentStreaming: Texture pool size now 1000 MB
[2024.09.23-06.45.24:098][  2]LogSlate: Took 0.000097 seconds to synchronously load lazily loaded font '../../../Engine/Content/Slate/Fonts/Roboto-Light.ttf' (167K)
[2024.09.23-06.45.24:764][  4]LogSlate: Took 0.000115 seconds to synchronously load lazily loaded font '../../../Engine/Content/Slate/Fonts/Roboto-Light.ttf' (167K)
[2024.09.23-06.46.50:907][697]SourceControl: fatal: C:/BT/Unreal Engine/UE_4.27/Engine/Content: 'C:/BT/Unreal Engine/UE_4.27/Engine/Content' is outside repository at 'C:/Users/z3ro_/Documents/Unreal Projects/Puzzle_Gen2'
[2024.09.23-06.46.50:907][697]SourceControl: fatal: C:/BT/Unreal Engine/UE_4.27/Engine/Plugins/2D/Paper2D/Content: 'C:/BT/Unreal Engine/UE_4.27/Engine/Plugins/2D/Paper2D/Content' is outside repository at 'C:/Users/z3ro_/Documents/Unreal Projects/Puzzle_Gen2'
[2024.09.23-06.46.50:907][697]SourceControl: fatal: C:/BT/Unreal Engine/UE_4.27/Engine/Plugins/Developer/AnimationSharing/Content: 'C:/BT/Unreal Engine/UE_4.27/Engine/Plugins/Developer/AnimationSharing/Content' is outside repository at 'C:/Users/z3ro_/Documents/Unreal Projects/Puzzle_Gen2'
[2024.09.23-06.46.50:907][697]SourceControl: fatal: C:/BT/Unreal Engine/UE_4.27/Engine/Plugins/Enterprise/DatasmithContent/Content: 'C:/BT/Unreal Engine/UE_4.27/Engine/Plugins/Enterprise/DatasmithContent/Content' is outside repository at 'C:/Users/z3ro_/Documents/Unreal Projects/Puzzle_Gen2'
[2024.09.23-06.46.50:907][697]SourceControl: fatal: C:/BT/Unreal Engine/UE_4.27/Engine/Plugins/Editor/GeometryMode/Content: 'C:/BT/Unreal Engine/UE_4.27/Engine/Plugins/Editor/GeometryMode/Content' is outside repository at 'C:/Users/z3ro_/Documents/Unreal Projects/Puzzle_Gen2'
[2024.09.23-06.46.50:907][697]SourceControl: fatal: C:/BT/Unreal Engine/UE_4.27/Engine/Plugins/Editor/SpeedTreeImporter/Content: 'C:/BT/Unreal Engine/UE_4.27/Engine/Plugins/Editor/SpeedTreeImporter/Content' is outside repository at 'C:/Users/z3ro_/Documents/Unreal Projects/Puzzle_Gen2'
[2024.09.23-06.46.50:907][697]SourceControl: fatal: C:/BT/Unreal Engine/UE_4.27/Engine/Plugins/Experimental/ChaosClothEditor/Content: 'C:/BT/Unreal Engine/UE_4.27/Engine/Plugins/Experimental/ChaosClothEditor/Content' is outside repository at 'C:/Users/z3ro_/Documents/Unreal Projects/Puzzle_Gen2'
[2024.09.23-06.46.50:907][697]SourceControl: fatal: C:/BT/Unreal Engine/UE_4.27/Engine/Plugins/Experimental/ChaosNiagara/Content: 'C:/BT/Unreal Engine/UE_4.27/Engine/Plugins/Experimental/ChaosNiagara/Content' is outside repository at 'C:/Users/z3ro_/Documents/Unreal Projects/Puzzle_Gen2'
[2024.09.23-06.46.50:907][697]SourceControl: fatal: C:/BT/Unreal Engine/UE_4.27/Engine/Plugins/Experimental/ChaosSolverPlugin/Content: 'C:/BT/Unreal Engine/UE_4.27/Engine/Plugins/Experimental/ChaosSolverPlugin/Content' is outside repository at 'C:/Users/z3ro_/Documents/Unreal Projects/Puzzle_Gen2'
[2024.09.23-06.46.50:907][697]SourceControl: fatal: C:/BT/Unreal Engine/UE_4.27/Engine/Plugins/FX/Niagara/Content: 'C:/BT/Unreal Engine/UE_4.27/Engine/Plugins/FX/Niagara/Content' is outside repository at 'C:/Users/z3ro_/Documents/Unreal Projects/Puzzle_Gen2'
[2024.09.23-06.46.50:907][697]SourceControl: fatal: C:/BT/Unreal Engine/UE_4.27/Engine/Plugins/Media/MediaCompositing/Content: 'C:/BT/Unreal Engine/UE_4.27/Engine/Plugins/Media/MediaCompositing/Content' is outside repository at 'C:/Users/z3ro_/Documents/Unreal Projects/Puzzle_Gen2'
[2024.09.23-06.46.50:907][697]SourceControl: fatal: C:/BT/Unreal Engine/UE_4.27/Engine/Plugins/Runtime/AudioSynesthesia/Content: 'C:/BT/Unreal Engine/UE_4.27/Engine/Plugins/Runtime/AudioSynesthesia/Content' is outside repository at 'C:/Users/z3ro_/Documents/Unreal Projects/Puzzle_Gen2'
[2024.09.23-06.46.50:907][697]SourceControl: fatal: C:/BT/Unreal Engine/UE_4.27/Engine/Plugins/Runtime/OpenXREyeTracker/Content: 'C:/BT/Unreal Engine/UE_4.27/Engine/Plugins/Runtime/OpenXREyeTracker/Content' is outside repository at 'C:/Users/z3ro_/Documents/Unreal Projects/Puzzle_Gen2'
[2024.09.23-06.46.50:907][697]SourceControl: fatal: C:/BT/Unreal Engine/UE_4.27/Engine/Plugins/Runtime/OpenXR/Content: 'C:/BT/Unreal Engine/UE_4.27/Engine/Plugins/Runtime/OpenXR/Content' is outside repository at 'C:/Users/z3ro_/Documents/Unreal Projects/Puzzle_Gen2'
[2024.09.23-06.46.50:907][697]SourceControl: fatal: C:/BT/Unreal Engine/UE_4.27/Engine/Plugins/Runtime/OpenXRHandTracking/Content: 'C:/BT/Unreal Engine/UE_4.27/Engine/Plugins/Runtime/OpenXRHandTracking/Content' is outside repository at 'C:/Users/z3ro_/Documents/Unreal Projects/Puzzle_Gen2'
[2024.09.23-06.46.50:907][697]SourceControl: fatal: C:/BT/Unreal Engine/UE_4.27/Engine/Plugins/Runtime/PostSplashScreen/Content: 'C:/BT/Unreal Engine/UE_4.27/Engine/Plugins/Runtime/PostSplashScreen/Content' is outside repository at 'C:/Users/z3ro_/Documents/Unreal Projects/Puzzle_Gen2'
[2024.09.23-06.46.50:907][697]SourceControl: fatal: C:/BT/Unreal Engine/UE_4.27/Engine/Plugins/Runtime/Synthesis/Content: 'C:/BT/Unreal Engine/UE_4.27/Engine/Plugins/Runtime/Synthesis/Content' is outside repository at 'C:/Users/z3ro_/Documents/Unreal Projects/Puzzle_Gen2'
[2024.09.23-06.46.50:907][697]SourceControl: fatal: C:/BT/Unreal Engine/UE_4.27/Engine/Plugins/VirtualProduction/Takes/Content: 'C:/BT/Unreal Engine/UE_4.27/Engine/Plugins/VirtualProduction/Takes/Content' is outside repository at 'C:/Users/z3ro_/Documents/Unreal Projects/Puzzle_Gen2'
[2024.09.23-06.46.50:907][697]SourceControl: fatal: C:/BT/Unreal Engine/UE_4.27/Engine/Plugins/Experimental/GeometryCollectionPlugin/Content: 'C:/BT/Unreal Engine/UE_4.27/Engine/Plugins/Experimental/GeometryCollectionPlugin/Content' is outside repository at 'C:/Users/z3ro_/Documents/Unreal Projects/Puzzle_Gen2'
[2024.09.23-06.46.50:907][697]SourceControl: fatal: C:/BT/Unreal Engine/UE_4.27/Engine/Plugins/Experimental/GeometryProcessing/Content: 'C:/BT/Unreal Engine/UE_4.27/Engine/Plugins/Experimental/GeometryProcessing/Content' is outside repository at 'C:/Users/z3ro_/Documents/Unreal Projects/Puzzle_Gen2'
[2024.09.23-06.46.50:907][697]SourceControl: fatal: C:/BT/Unreal Engine/UE_4.27/Engine/Plugins/Lumin/MagicLeap/Content: 'C:/BT/Unreal Engine/UE_4.27/Engine/Plugins/Lumin/MagicLeap/Content' is outside repository at 'C:/Users/z3ro_/Documents/Unreal Projects/Puzzle_Gen2'
[2024.09.23-06.46.50:907][697]SourceControl: fatal: C:/BT/Unreal Engine/UE_4.27/Engine/Plugins/Lumin/MagicLeapPassableWorld/Content: 'C:/BT/Unreal Engine/UE_4.27/Engine/Plugins/Lumin/MagicLeapPassableWorld/Content' is outside repository at 'C:/Users/z3ro_/Documents/Unreal Projects/Puzzle_Gen2'
[2024.09.23-06.46.50:907][697]SourceControl: fatal: C:/BT/Unreal Engine/UE_4.27/Engine/Plugins/Experimental/MotoSynth/Content: 'C:/BT/Unreal Engine/UE_4.27/Engine/Plugins/Experimental/MotoSynth/Content' is outside repository at 'C:/Users/z3ro_/Documents/Unreal Projects/Puzzle_Gen2'
[2024.09.23-06.46.50:907][697]SourceControl: fatal: C:/BT/Unreal Engine/UE_4.27/Engine/Plugins/Experimental/PythonScriptPlugin/Content: 'C:/BT/Unreal Engine/UE_4.27/Engine/Plugins/Experimental/PythonScriptPlugin/Content' is outside repository at 'C:/Users/z3ro_/Documents/Unreal Projects/Puzzle_Gen2'
[2024.09.23-06.46.50:907][697]SourceControl: fatal: C:/BT/Unreal Engine/UE_4.27/Engine/Plugins/Runtime/Oculus/OculusVR/Content: 'C:/BT/Unreal Engine/UE_4.27/Engine/Plugins/Runtime/Oculus/OculusVR/Content' is outside repository at 'C:/Users/z3ro_/Documents/Unreal Projects/Puzzle_Gen2'
[2024.09.23-06.46.50:907][697]SourceControl: fatal: C:/BT/Unreal Engine/UE_4.27/Engine/Plugins/Runtime/Steam/SteamVR/Content: 'C:/BT/Unreal Engine/UE_4.27/Engine/Plugins/Runtime/Steam/SteamVR/Content' is outside repository at 'C:/Users/z3ro_/Documents/Unreal Projects/Puzzle_Gen2'
[2024.09.23-06.46.57:575][697]LogSlate: Window 'Submit Files' being destroyed
